test_actual_synthetic_worker_packet_and_history_delivery (test_run_lc_role_adaptation.ExecutionGateTests.test_actual_synthetic_worker_packet_and_history_delivery) ... ok
test_atomic_lock_must_be_complete_current_and_unmodified (test_run_lc_role_adaptation.ExecutionGateTests.test_atomic_lock_must_be_complete_current_and_unmodified) ... ok
test_authorization_cannot_be_inferred_from_code_approval (test_run_lc_role_adaptation.ExecutionGateTests.test_authorization_cannot_be_inferred_from_code_approval) ... ok
test_draft_only_permits_preflight_benchmark_and_fixed_scope (test_run_lc_role_adaptation.ExecutionGateTests.test_draft_only_permits_preflight_benchmark_and_fixed_scope) ... ok
test_existing_stage_output_is_refused_before_data_access (test_run_lc_role_adaptation.ExecutionGateTests.test_existing_stage_output_is_refused_before_data_access) ... ok
test_fit_orchestration_locks_all_groups_and_reuses_exact_s1_jobs (test_run_lc_role_adaptation.ExecutionGateTests.test_fit_orchestration_locks_all_groups_and_reuses_exact_s1_jobs) ... ok
test_gap_before_ledger_write_keeps_failure_evidence_and_no_result_read (test_run_lc_role_adaptation.ExecutionGateTests.test_gap_before_ledger_write_keeps_failure_evidence_and_no_result_read) ... ok
test_gap_is_failure_even_if_worker_exited_before_next_poll (test_run_lc_role_adaptation.ExecutionGateTests.test_gap_is_failure_even_if_worker_exited_before_next_poll) ... ok
test_hard_timeout_kills_worker_and_zero_budget_never_starts (test_run_lc_role_adaptation.ExecutionGateTests.test_hard_timeout_kills_worker_and_zero_budget_never_starts) ... ok
test_interrupted_job_stops_batch_without_second_worker (test_run_lc_role_adaptation.ExecutionGateTests.test_interrupted_job_stops_batch_without_second_worker) ... ok
test_job_batch_stops_after_first_failure_or_budget_exhaustion (test_run_lc_role_adaptation.ExecutionGateTests.test_job_batch_stops_after_first_failure_or_budget_exhaustion) ... ok
test_numeric_worker_failure_keeps_numeric_terminal_stage (test_run_lc_role_adaptation.ExecutionGateTests.test_numeric_worker_failure_keeps_numeric_terminal_stage) ... ok
test_parent_interrupt_kills_real_synthetic_child_and_releases_guard (test_run_lc_role_adaptation.ExecutionGateTests.test_parent_interrupt_kills_real_synthetic_child_and_releases_guard) ... ok
test_power_request_failure_never_spawns_worker (test_run_lc_role_adaptation.ExecutionGateTests.test_power_request_failure_never_spawns_worker) ... ok
test_registered_code_identity_uses_git_normalized_blob_bytes (test_run_lc_role_adaptation.ExecutionGateTests.test_registered_code_identity_uses_git_normalized_blob_bytes) ... ok
test_registered_runtime_records_packages_and_rejects_version_drift (test_run_lc_role_adaptation.ExecutionGateTests.test_registered_runtime_records_packages_and_rejects_version_drift) ... ok
test_release_failure_rejects_otherwise_complete_worker (test_run_lc_role_adaptation.ExecutionGateTests.test_release_failure_rejects_otherwise_complete_worker) ... ok
test_safety_failure_keeps_specific_terminal_stage (test_run_lc_role_adaptation.ExecutionGateTests.test_safety_failure_keeps_specific_terminal_stage) ... ok
test_scope_schedule_count_and_distinct_unbounded_candidates (test_run_lc_role_adaptation.ExecutionGateTests.test_scope_schedule_count_and_distinct_unbounded_candidates) ... ok
test_sources_are_hashed_not_silently_re_registered (test_run_lc_role_adaptation.ExecutionGateTests.test_sources_are_hashed_not_silently_re_registered) ... ok
test_stop_parse_only_after_valid_lock_and_cumulative_evaluation_timeout (test_run_lc_role_adaptation.ExecutionGateTests.test_stop_parse_only_after_valid_lock_and_cumulative_evaluation_timeout) ... ok
test_supervised_failure_has_one_attempt_pid_exit_and_tail (test_run_lc_role_adaptation.ExecutionGateTests.test_supervised_failure_has_one_attempt_pid_exit_and_tail) ... ok

----------------------------------------------------------------------
Ran 22 tests in 21.467s

OK
