test_ac_disconnected_initially_starts_no_worker (test_check_lc_native_environment.NativeAcceptanceTests.test_ac_disconnected_initially_starts_no_worker) ... ok
test_ac_loss_mid_worker_aborts_and_releases (test_check_lc_native_environment.NativeAcceptanceTests.test_ac_loss_mid_worker_aborts_and_releases) ... ok
test_changed_registered_source_rejected_before_native_api (test_check_lc_native_environment.NativeAcceptanceTests.test_changed_registered_source_rejected_before_native_api) ... ok
test_complete_idle_and_timeout_cleanup_release_request (test_check_lc_native_environment.NativeAcceptanceTests.test_complete_idle_and_timeout_cleanup_release_request) ... ok
test_draft_changed_budget_or_unapproved_scope_rejected (test_check_lc_native_environment.NativeAcceptanceTests.test_draft_changed_budget_or_unapproved_scope_rejected) ... ok
test_exhausted_cumulative_budget_starts_no_second_worker (test_check_lc_native_environment.NativeAcceptanceTests.test_exhausted_cumulative_budget_starts_no_second_worker) ... ok
test_existing_output_never_resumes_or_retries (test_check_lc_native_environment.NativeAcceptanceTests.test_existing_output_never_resumes_or_retries) ... ok
test_long_incomplete_duration_stops_before_short_job (test_check_lc_native_environment.NativeAcceptanceTests.test_long_incomplete_duration_stops_before_short_job) ... ok
test_long_missing_attempt_stops_before_short_job (test_check_lc_native_environment.NativeAcceptanceTests.test_long_missing_attempt_stops_before_short_job) ... ok
test_long_missing_exit_stops_before_short_job (test_check_lc_native_environment.NativeAcceptanceTests.test_long_missing_exit_stops_before_short_job) ... ok
test_long_unreaped_child_stops_before_short_job (test_check_lc_native_environment.NativeAcceptanceTests.test_long_unreaped_child_stops_before_short_job) ... ok
test_long_unreleased_request_stops_before_short_job (test_check_lc_native_environment.NativeAcceptanceTests.test_long_unreleased_request_stops_before_short_job) ... ok
test_long_worker_failure_stops_before_short_job (test_check_lc_native_environment.NativeAcceptanceTests.test_long_worker_failure_stops_before_short_job) ... ok
test_no_execute_flag_cannot_create_output_or_power_request (test_check_lc_native_environment.NativeAcceptanceTests.test_no_execute_flag_cannot_create_output_or_power_request) ... ok
test_power_setting_change_cannot_pass (test_check_lc_native_environment.NativeAcceptanceTests.test_power_setting_change_cannot_pass) ... ok
test_recent_input_is_inconclusive_not_pass_or_retry (test_check_lc_native_environment.NativeAcceptanceTests.test_recent_input_is_inconclusive_not_pass_or_retry) ... ok
test_remote_failure_does_not_request_power_or_start_worker (test_check_lc_native_environment.NativeAcceptanceTests.test_remote_failure_does_not_request_power_or_start_worker) ... ok
test_remote_protocol_and_source_bytes_must_match (test_check_lc_native_environment.NativeAcceptanceTests.test_remote_protocol_and_source_bytes_must_match) ... ok
test_renewed_direct_approval_is_recognized_without_native_execution (test_check_lc_native_environment.NativeAcceptanceTests.test_renewed_direct_approval_is_recognized_without_native_execution) ... FAIL
test_settings_change_or_release_failure_cannot_pass (test_check_lc_native_environment.NativeAcceptanceTests.test_settings_change_or_release_failure_cannot_pass) ... ok
test_short_child_must_time_out_and_be_reaped (test_check_lc_native_environment.NativeAcceptanceTests.test_short_child_must_time_out_and_be_reaped) ... ok
test_source_changed_during_remote_preflight_cannot_start_native (test_check_lc_native_environment.NativeAcceptanceTests.test_source_changed_during_remote_preflight_cannot_start_native) ... ok
test_superseded_approval_cannot_authorize_new_native_attempt (test_check_lc_native_environment.NativeAcceptanceTests.test_superseded_approval_cannot_authorize_new_native_attempt) ... FAIL
test_supervision_gap_during_release_cannot_pass (test_check_lc_native_environment.NativeAcceptanceTests.test_supervision_gap_during_release_cannot_pass) ... ok
test_bridge_reads_ac_session_idle_wrap_and_settings_without_writes (test_check_lc_native_environment.NativeBridgeTests.test_bridge_reads_ac_session_idle_wrap_and_settings_without_writes) ... ok
test_native_read_errors_fail_closed_and_free_scheme (test_check_lc_native_environment.NativeBridgeTests.test_native_read_errors_fail_closed_and_free_scheme) ... ok
test_power_monitor_fails_on_unknown_or_battery_only_ac (test_check_lc_native_environment.NativeBridgeTests.test_power_monitor_fails_on_unknown_or_battery_only_ac) ... ok

======================================================================
FAIL: test_renewed_direct_approval_is_recognized_without_native_execution (test_check_lc_native_environment.NativeAcceptanceTests.test_renewed_direct_approval_is_recognized_without_native_execution)
----------------------------------------------------------------------
Traceback (most recent call last):
  File "D:\成信工科研\人工智能选矿\.worktrees\theory-aware-report\tests\test_check_lc_native_environment.py", line 134, in test_renewed_direct_approval_is_recognized_without_native_execution
    native.validate_protocol(self.root, protocol)
  File "D:\成信工科研\人工智能选矿\.worktrees\theory-aware-report\scripts\check_lc_native_environment.py", line 109, in validate_protocol
    raise ValueError("Native-only approval, scope, or fixed budget does not match.")
ValueError: Native-only approval, scope, or fixed budget does not match.

During handling of the above exception, another exception occurred:

Traceback (most recent call last):
  File "D:\成信工科研\人工智能选矿\.worktrees\theory-aware-report\tests\test_check_lc_native_environment.py", line 136, in test_renewed_direct_approval_is_recognized_without_native_execution
    self.fail(f"Renewed direct-human approval must be recognized: {error}")
AssertionError: Renewed direct-human approval must be recognized: Native-only approval, scope, or fixed budget does not match.

======================================================================
FAIL: test_superseded_approval_cannot_authorize_new_native_attempt (test_check_lc_native_environment.NativeAcceptanceTests.test_superseded_approval_cannot_authorize_new_native_attempt)
----------------------------------------------------------------------
Traceback (most recent call last):
  File "D:\成信工科研\人工智能选矿\.worktrees\theory-aware-report\tests\test_check_lc_native_environment.py", line 144, in test_superseded_approval_cannot_authorize_new_native_attempt
    with self.assertRaisesRegex(ValueError, "approval"):
AssertionError: ValueError not raised

----------------------------------------------------------------------
Ran 27 tests in 0.405s

FAILED (failures=2)
