test_calibration_offset_decreases_budget_only (test_abmp_rsg.ABMPPolicyTests.test_calibration_offset_decreases_budget_only) ... ok
test_eval_is_independent_of_batch_members (test_abmp_rsg.ABMPPolicyTests.test_eval_is_independent_of_batch_members) ... ok
test_heads_have_gradients_and_bounded_budget (test_abmp_rsg.ABMPPolicyTests.test_heads_have_gradients_and_bounded_budget) ... ok
test_policy_rejects_invalid_evidence_and_parameters (test_abmp_rsg.ABMPPolicyTests.test_policy_rejects_invalid_evidence_and_parameters) ... ok
test_dual_projection_gradients_are_finite (test_abmp_rsg.ABMPProjectionTests.test_dual_projection_gradients_are_finite) ... ok
test_invalid_margin_and_budget_are_rejected (test_abmp_rsg.ABMPProjectionTests.test_invalid_margin_and_budget_are_rejected) ... ok
test_margin_cap_preserves_target_anchor_and_false_positive (test_abmp_rsg.ABMPProjectionTests.test_margin_cap_preserves_target_anchor_and_false_positive) ... ok
test_margin_is_independent_on_boundary_target_anchor (test_abmp_rsg.ABMPProjectionTests.test_margin_is_independent_on_boundary_target_anchor) ... ok
test_posterior_cap_activates_and_preserves_bound (test_abmp_rsg.ABMPProjectionTests.test_posterior_cap_activates_and_preserves_bound) ... ok
test_random_simplexes_satisfy_all_invariants (test_abmp_rsg.ABMPProjectionTests.test_random_simplexes_satisfy_all_invariants) ... ok
test_risk_targets_reward_candidate_label_gain (test_abmp_rsg.ABMPProjectionTests.test_risk_targets_reward_candidate_label_gain) ... ok
test_target_index_is_not_assumed_zero (test_abmp_rsg.ABMPProjectionTests.test_target_index_is_not_assumed_zero) ... ok
test_zero_drop_zero_probabilities_and_exact_fallback (test_abmp_rsg.ABMPProjectionTests.test_zero_drop_zero_probabilities_and_exact_fallback) ... ok
test_detects_independent_margin_capacity_and_fragile_target (test_analyze_abmp_development.GeometryTests.test_detects_independent_margin_capacity_and_fragile_target) ... ok
test_identical_experts_have_no_routing_capacity (test_analyze_abmp_development.GeometryTests.test_identical_experts_have_no_routing_capacity) ... ok
test_records_endpoint_ties_for_capacity_theorem_assumption (test_analyze_abmp_development.GeometryTests.test_records_endpoint_ties_for_capacity_theorem_assumption) ... ok
test_calibration_summary_reports_brier_and_ece (test_analyze_cgdc_rsg_experiments.CGDCCalibrationAnalysisTests.test_calibration_summary_reports_brier_and_ece) ... ok
test_paired_calibration_bootstrap_reports_brier_and_ece_intervals (test_analyze_cgdc_rsg_experiments.CGDCCalibrationAnalysisTests.test_paired_calibration_bootstrap_reports_brier_and_ece_intervals) ... ok
test_new_target_below_quarter_requires_target_mass_increase (test_analyze_frozen_visual_probe.CapacityAnalysisTests.test_new_target_below_quarter_requires_target_mass_increase) ... ok
test_load_and_summary_calculates_mean_and_sample_std (test_analyze_hierarchical_experiment.HierarchicalExperimentAnalysisTests.test_load_and_summary_calculates_mean_and_sample_std) ... ok
test_summary_requires_exactly_three_formal_runs (test_analyze_hierarchical_experiment.HierarchicalExperimentAnalysisTests.test_summary_requires_exactly_three_formal_runs) ... ok
test_invalid_probabilities_are_rejected (test_analyze_hierarchy_consistency.HierarchyConsistencyTests.test_invalid_probabilities_are_rejected) ... ok
test_kl_is_stable_for_rounded_nearly_identical_probabilities (test_analyze_hierarchy_consistency.HierarchyConsistencyTests.test_kl_is_stable_for_rounded_nearly_identical_probabilities) ... ok
test_pinsker_bound_holds (test_analyze_hierarchy_consistency.HierarchyConsistencyTests.test_pinsker_bound_holds) ... ok
test_species_error_can_preserve_role_correctness (test_analyze_hierarchy_consistency.HierarchyConsistencyTests.test_species_error_can_preserve_role_correctness) ... ok
test_configuration_delta_orients_lower_intrusion_as_improvement (test_analyze_hrgv_experiment.HRGVExperimentAnalysisTests.test_configuration_delta_orients_lower_intrusion_as_improvement) ... ok
test_gate_summary_is_grouped_by_true_role (test_analyze_hrgv_experiment.HRGVExperimentAnalysisTests.test_gate_summary_is_grouped_by_true_role) ... ok
test_summary_uses_mean_and_sample_standard_deviation (test_analyze_hrgv_experiment.HRGVExperimentAnalysisTests.test_summary_uses_mean_and_sample_standard_deviation) ... ok
test_verifier_auc_uses_only_target_and_its_selected_negative (test_analyze_hrgv_experiment.HRGVExperimentAnalysisTests.test_verifier_auc_uses_only_target_and_its_selected_negative) ... ok
test_altered_prediction_is_rejected (test_analyze_lc_role_adaptation.AnalysisTests.test_altered_prediction_is_rejected) ... ok
test_cv_packet_keeps_a_portable_pinned_preparation_reference (test_analyze_lc_role_adaptation.AnalysisTests.test_cv_packet_keeps_a_portable_pinned_preparation_reference) ... ok
test_delivery_exports_all_groups_and_default_verify_is_inference_only (test_analyze_lc_role_adaptation.AnalysisTests.test_delivery_exports_all_groups_and_default_verify_is_inference_only) ... ok
test_ece_fixed_bins_edges_empty_and_one (test_analyze_lc_role_adaptation.AnalysisTests.test_ece_fixed_bins_edges_empty_and_one) ... ok
test_metrics_confusion_channels_and_brier (test_analyze_lc_role_adaptation.AnalysisTests.test_metrics_confusion_channels_and_brier) ... ok
test_replay_training_needs_independent_authorization_before_data (test_analyze_lc_role_adaptation.AnalysisTests.test_replay_training_needs_independent_authorization_before_data) ... ok
test_screen_rejects_truncation_violations_and_false_target_regression (test_analyze_lc_role_adaptation.AnalysisTests.test_screen_rejects_truncation_violations_and_false_target_regression) ... ok
test_screen_requires_every_seed_and_complete_controls (test_analyze_lc_role_adaptation.AnalysisTests.test_screen_requires_every_seed_and_complete_controls) ... ok
test_specialization_reports_pair_views_and_each_branch_effect (test_analyze_lc_role_adaptation.AnalysisTests.test_specialization_reports_pair_views_and_each_branch_effect) ... ok
test_training_replay_compares_states_exactly_and_records_mismatch (test_analyze_lc_role_adaptation.AnalysisTests.test_training_replay_compares_states_exactly_and_records_mismatch) ... ok
test_u1_dominance_denies_bounded_net_benefit (test_analyze_lc_role_adaptation.AnalysisTests.test_u1_dominance_denies_bounded_net_benefit) ... ok
test_zero_target_predictions_and_net_target_changes (test_analyze_lc_role_adaptation.AnalysisTests.test_zero_target_predictions_and_net_target_changes) ... ok
test_build_prediction_rows_marks_errors_with_true_to_predicted_pair (test_analyze_misclassifications.PredictionRowTests.test_build_prediction_rows_marks_errors_with_true_to_predicted_pair) ... ok
test_build_prediction_rows_rejects_mismatched_lengths (test_analyze_misclassifications.PredictionRowTests.test_build_prediction_rows_rejects_mismatched_lengths) ... ok
test_mrpg_analysis_declares_both_complete_baselines (test_analyze_mrpg_hrgv_experiments.MRPGAnalysisTests.test_mrpg_analysis_declares_both_complete_baselines) ... ok
test_mrpg_analysis_registers_direct_component_ablations (test_analyze_mrpg_hrgv_experiments.MRPGAnalysisTests.test_mrpg_analysis_registers_direct_component_ablations) ... ok
test_alignment_rejects_group_or_label_changes (test_analyze_oos_rsg_confirmation.OOSRSGConfirmationAnalysisTests.test_alignment_rejects_group_or_label_changes) ... ok
test_metrics_include_nll_and_role_risks (test_analyze_oos_rsg_confirmation.OOSRSGConfirmationAnalysisTests.test_metrics_include_nll_and_role_risks) ... ok
test_promotion_requires_target_recall_harm_guardrail (test_analyze_oos_rsg_confirmation.OOSRSGConfirmationAnalysisTests.test_promotion_requires_target_recall_harm_guardrail) ... ok
test_alignment_preserves_paired_predictions (test_analyze_paired_cluster_statistics.PairedClusterStatisticsTests.test_alignment_preserves_paired_predictions) ... ok
test_alignment_rejects_true_label_mismatch (test_analyze_paired_cluster_statistics.PairedClusterStatisticsTests.test_alignment_rejects_true_label_mismatch) ... ok
test_cluster_resampling_keeps_groups_intact (test_analyze_paired_cluster_statistics.PairedClusterStatisticsTests.test_cluster_resampling_keeps_groups_intact) ... ok
test_confusion_metrics_match_row_metrics (test_analyze_paired_cluster_statistics.PairedClusterStatisticsTests.test_confusion_metrics_match_row_metrics) ... ok
test_exact_mcnemar_uses_discordant_pairs (test_analyze_paired_cluster_statistics.PairedClusterStatisticsTests.test_exact_mcnemar_uses_discordant_pairs) ... ok
test_metrics_include_target_and_hard_negative_risks (test_analyze_paired_cluster_statistics.PairedClusterStatisticsTests.test_metrics_include_target_and_hard_negative_risks) ... ok
test_two_stage_bootstrap_is_reproducible (test_analyze_paired_cluster_statistics.PairedClusterStatisticsTests.test_two_stage_bootstrap_is_reproducible) ... ok
test_bootstrap_rejects_duplicate_ids_and_changed_groups (test_analyze_phr_hrgv_experiments.PHRAnalysisTests.test_bootstrap_rejects_duplicate_ids_and_changed_groups) ... ok
test_formal_registration_must_match_promoted_screen_sources (test_analyze_phr_hrgv_experiments.PHRAnalysisTests.test_formal_registration_must_match_promoted_screen_sources) ... ok
test_macro_f1_is_f1_and_bootstrap_uses_all_seed_point_estimates (test_analyze_phr_hrgv_experiments.PHRAnalysisTests.test_macro_f1_is_f1_and_bootstrap_uses_all_seed_point_estimates) ... ok
test_pairwise_summary_keeps_ti_and_metallic_edges_separate (test_analyze_phr_hrgv_experiments.PHRAnalysisTests.test_pairwise_summary_keeps_ti_and_metallic_edges_separate) ... ok
test_candidate_set_construction_is_deterministic_and_marks_conflicts (test_analyze_role_identifiability.RoleIdentifiabilityTests.test_candidate_set_construction_is_deterministic_and_marks_conflicts) ... ok
test_role_consistent_candidates_preserve_role_identifiability (test_analyze_role_identifiability.RoleIdentifiabilityTests.test_role_consistent_candidates_preserve_role_identifiability) ... ok
test_summary_contains_counts_and_candidate_size_breakdown (test_analyze_role_identifiability.RoleIdentifiabilityTests.test_summary_contains_counts_and_candidate_size_breakdown) ... ok
test_rpg_analysis_registers_partitioned_ablation_names (test_analyze_rpg_hrgv_experiments.RPGAnalysisTests.test_rpg_analysis_registers_partitioned_ablation_names) ... ok
test_generates_b1_b2_strata_and_keeps_claim_boundary (test_analyze_rsg_gate_reliability.RSGGateReliabilityAnalysisTests.test_generates_b1_b2_strata_and_keeps_claim_boundary) ... ok
test_complementarity_recovery_is_none_without_oracle_headroom (test_analyze_rsg_hrgv_experiment.RSGRoutingMetricTests.test_complementarity_recovery_is_none_without_oracle_headroom) ... ok
test_formal_seed_validation_rejects_missing_and_duplicate_seeds (test_analyze_rsg_hrgv_experiment.RSGRoutingMetricTests.test_formal_seed_validation_rejects_missing_and_duplicate_seeds) ... ok
test_routing_metrics_capture_complementarity_and_regret (test_analyze_rsg_hrgv_experiment.RSGRoutingMetricTests.test_routing_metrics_capture_complementarity_and_regret) ... ok
test_parse_config_roots_preserves_named_roots (test_analyze_rsg_theory_ablation.RSGTheoryAblationTests.test_parse_config_roots_preserves_named_roots) ... ok
test_parse_config_roots_rejects_duplicate_configuration (test_analyze_rsg_theory_ablation.RSGTheoryAblationTests.test_parse_config_roots_rejects_duplicate_configuration) ... ok
test_summarizes_b1_and_b2_without_numerical_violations (test_analyze_rsg_theory_replay.RSGTheoryReplayAnalysisTests.test_summarizes_b1_and_b2_without_numerical_violations) ... ok
test_pairs_same_objective_and_seed (test_analyze_seen_unseen_gate_study.SeenUnseenAnalysisTests.test_pairs_same_objective_and_seed) ... ok
test_rejects_missing_pair (test_analyze_seen_unseen_gate_study.SeenUnseenAnalysisTests.test_rejects_missing_pair) ... ok
test_aggregate_threshold_metrics_keeps_seed_values_and_summary (test_analyze_selective_recognition.SelectiveRecognitionTests.test_aggregate_threshold_metrics_keeps_seed_values_and_summary) ... ok
test_input_resolver_rejects_duplicate_files_for_expected_seed (test_analyze_selective_recognition.SelectiveRecognitionTests.test_input_resolver_rejects_duplicate_files_for_expected_seed) ... ok
test_retained_metrics_include_target_miss_and_intrusion_rates (test_analyze_selective_recognition.SelectiveRecognitionTests.test_retained_metrics_include_target_miss_and_intrusion_rates) ... ok
test_threshold_defers_low_confidence_errors (test_analyze_selective_recognition.SelectiveRecognitionTests.test_threshold_defers_low_confidence_errors) ... ok
test_undefined_retained_rate_is_none (test_analyze_selective_recognition.SelectiveRecognitionTests.test_undefined_retained_rate_is_none) ... ok
test_summary_ignores_run_name_and_count_fields (test_analyze_target_proxy_metrics.TargetProxyMetricsTests.test_summary_ignores_run_name_and_count_fields) ... ok
test_target_proxy_metrics_count_misses_and_high_risk_intrusions (test_analyze_target_proxy_metrics.TargetProxyMetricsTests.test_target_proxy_metrics_count_misses_and_high_risk_intrusions) ... ok
test_target_proxy_metrics_reject_rows_missing_required_columns (test_analyze_target_proxy_metrics.TargetProxyMetricsTests.test_target_proxy_metrics_reject_rows_missing_required_columns) ... ok
test_registered_run_directories_merge_original_and_extension_seed_ranges (test_analyze_target_recall_extension.AnalyzeTargetRecallExtensionTests.test_registered_run_directories_merge_original_and_extension_seed_ranges) ... ok
test_bootstrap_is_group_paired_and_nll_ci_favors_method (test_analyze_tc_oos_rsg_experiments.TCOOSRSGAnalysisTests.test_bootstrap_is_group_paired_and_nll_ci_favors_method) ... ok
test_bootstrap_rejects_identity_or_fold_mismatch (test_analyze_tc_oos_rsg_experiments.TCOOSRSGAnalysisTests.test_bootstrap_rejects_identity_or_fold_mismatch) ... ok
test_promotion_requires_all_theory_and_empirical_criteria (test_analyze_tc_oos_rsg_experiments.TCOOSRSGAnalysisTests.test_promotion_requires_all_theory_and_empirical_criteria) ... ok
test_role_metrics_include_nll_and_business_risks (test_analyze_tc_oos_rsg_experiments.TCOOSRSGAnalysisTests.test_role_metrics_include_nll_and_business_risks) ... ok
test_theory_invariants_verify_projection_and_target_bound (test_analyze_tc_oos_rsg_experiments.TCOOSRSGAnalysisTests.test_theory_invariants_verify_projection_and_target_bound) ... ok
test_analytic_objective_gradient_hessian_match_autograd (test_anchor_linear_controls.AnchorLinearControlTests.test_analytic_objective_gradient_hessian_match_autograd) ... ok
test_convex_fit_certifies_stationarity_and_identity_fit_bound (test_anchor_linear_controls.AnchorLinearControlTests.test_convex_fit_certifies_stationarity_and_identity_fit_bound) ... ok
test_feature_statistics_fit_only_and_capacity_not_padded (test_anchor_linear_controls.AnchorLinearControlTests.test_feature_statistics_fit_only_and_capacity_not_padded) ... ok
test_invalid_inputs_rejected_before_solver (test_anchor_linear_controls.AnchorLinearControlTests.test_invalid_inputs_rejected_before_solver) ... ok
test_overwrite_refused_before_source_access (test_anchor_linear_controls.AnchorLinearControlTests.test_overwrite_refused_before_source_access) ... ok
test_prediction_replay_rejects_changed_probability (test_anchor_linear_controls.AnchorLinearControlTests.test_prediction_replay_rejects_changed_probability) ... ok
test_registered_protocol_rejects_scope_and_solver_tuning (test_anchor_linear_controls.AnchorLinearControlTests.test_registered_protocol_rejects_scope_and_solver_tuning) ... ok
test_restarts_are_unique_solution_checks_and_replay_exact (test_anchor_linear_controls.AnchorLinearControlTests.test_restarts_are_unique_solution_checks_and_replay_exact) ... ok
test_screen_requires_strong_probability_and_role_controls (test_anchor_linear_controls.AnchorLinearControlTests.test_screen_requires_strong_probability_and_role_controls) ... ok
test_summary_replay_rejects_primary_restart_and_screen_tampering (test_anchor_linear_controls.AnchorLinearControlTests.test_summary_replay_rejects_primary_restart_and_screen_tampering) ... ok
test_zero_residual_preserves_same_strong_anchor (test_anchor_linear_controls.AnchorLinearControlTests.test_zero_residual_preserves_same_strong_anchor) ... ok
test_append_preserves_all_existing_body_nodes_and_is_idempotent (test_append_abmp_capacity_to_report.CapacityReportTests.test_append_preserves_all_existing_body_nodes_and_is_idempotent) ... ok
test_changed_observation_cannot_reuse_fixed_diagnostic_narrative (test_append_abmp_capacity_to_report.CapacityReportTests.test_changed_observation_cannot_reuse_fixed_diagnostic_narrative) ... ok
test_outer_data_cannot_be_presented_as_development_evidence (test_append_abmp_capacity_to_report.CapacityReportTests.test_outer_data_cannot_be_presented_as_development_evidence) ... ok
test_wrong_expected_hash_refuses_edit (test_append_abmp_capacity_to_report.CapacityReportTests.test_wrong_expected_hash_refuses_edit) ... ok
test_preserves_report_and_appends_failed_development_idempotently (test_append_abmp_to_official_report.ReportTests.test_preserves_report_and_appends_failed_development_idempotently) ... ok
test_refresh_preserves_old_paragraph_with_ordinary_line_break (test_append_abmp_to_official_report.ReportTests.test_refresh_preserves_old_paragraph_with_ordinary_line_break) ... ok
test_refresh_refuses_changed_embedded_image_with_same_relationship (test_append_abmp_to_official_report.ReportTests.test_refresh_refuses_changed_embedded_image_with_same_relationship) ... ok
test_refresh_refuses_later_content_without_heading_style (test_append_abmp_to_official_report.ReportTests.test_refresh_refuses_later_content_without_heading_style) ... ok
test_refresh_refuses_user_edits_inside_generated_appendix (test_append_abmp_to_official_report.ReportTests.test_refresh_refuses_user_edits_inside_generated_appendix) ... ok
test_refuses_mislabeled_confirmation (test_append_abmp_to_official_report.ReportTests.test_refuses_mislabeled_confirmation) ... ok
test_appends_confirmation_and_constraint_appendix_idempotently (test_append_oos_confirmation_to_official_report.OOSConfirmationReportAppendixTests.test_appends_confirmation_and_constraint_appendix_idempotently) ... ok
test_appends_idempotent_evidence_backed_appendix (test_append_oos_rsg_to_official_report.OOSRSGReportAppendixTests.test_appends_idempotent_evidence_backed_appendix) ... ok
test_excludes_and_quarantines_reviewed_rows_without_reshuffling (test_apply_review_decisions.ApplyReviewDecisionsTests.test_excludes_and_quarantines_reviewed_rows_without_reshuffling) ... ok
test_rejects_unknown_review_decision (test_apply_review_decisions.ApplyReviewDecisionsTests.test_rejects_unknown_review_decision) ... ok
test_constant_nontarget_direction_has_no_capacity (test_audit_abmp_candidate_capacity.CapacityTests.test_constant_nontarget_direction_has_no_capacity) ... ok
test_every_feasible_interval_witness_has_the_required_target_margin (test_audit_abmp_candidate_capacity.CapacityTests.test_every_feasible_interval_witness_has_the_required_target_margin) ... ok
test_existing_output_is_rejected_before_source_or_image_reads (test_audit_abmp_candidate_capacity.CapacityTests.test_existing_output_is_rejected_before_source_or_image_reads) ... ok
test_full_segment_can_recover_target_when_restricted_segment_cannot (test_audit_abmp_candidate_capacity.CapacityTests.test_full_segment_can_recover_target_when_restricted_segment_cannot) ... ok
test_missing_source_lock_rejected_without_outer_access (test_audit_abmp_candidate_capacity.CapacityTests.test_missing_source_lock_rejected_without_outer_access) ... ok
test_nondefault_verifier_configuration_is_used (test_audit_abmp_candidate_capacity.CapacityTests.test_nondefault_verifier_configuration_is_used) ... ok
test_rejects_invalid_posterior_and_interval (test_audit_abmp_candidate_capacity.CapacityTests.test_rejects_invalid_posterior_and_interval) ... ok
test_source_validation_reads_inner_only_and_binds_training_manifest (test_audit_abmp_candidate_capacity.CapacityTests.test_source_validation_reads_inner_only_and_binds_training_manifest) ... ok
test_source_validation_rejects_changed_inner_manifest (test_audit_abmp_candidate_capacity.CapacityTests.test_source_validation_rejects_changed_inner_manifest) ... ok
test_source_validation_rejects_cross_subset_group_overlap_even_with_matching_hash (test_audit_abmp_candidate_capacity.CapacityTests.test_source_validation_rejects_cross_subset_group_overlap_even_with_matching_hash) ... ok
test_subnormal_direction_keeps_empty_interval_certificate_finite (test_audit_abmp_candidate_capacity.CapacityTests.test_subnormal_direction_keeps_empty_interval_certificate_finite) ... ok
test_two_nontarget_endpoints_can_have_target_interior (test_audit_abmp_candidate_capacity.CapacityTests.test_two_nontarget_endpoints_can_have_target_interior) ... ok
test_verification_commutes_with_renormalised_mixture (test_audit_abmp_candidate_capacity.CapacityTests.test_verification_commutes_with_renormalised_mixture) ... ok
test_verifier_removal_discloses_true_and_false_targets (test_audit_abmp_candidate_capacity.CapacityTests.test_verifier_removal_discloses_true_and_false_targets) ... ok
test_manifests_isolate_selection_and_match_seen_counts (test_build_oos_confirmation_manifests.OOSConfirmationManifestTests.test_manifests_isolate_selection_and_match_seen_counts) ... ok
test_partition_is_deterministic_and_keeps_groups_intact (test_build_oos_confirmation_manifests.OOSConfirmationManifestTests.test_partition_is_deterministic_and_keeps_groups_intact) ... ok
test_rejects_nontraining_or_too_few_groups (test_build_oos_confirmation_manifests.OOSConfirmationManifestTests.test_rejects_nontraining_or_too_few_groups) ... ok
test_magnetite_is_removed_without_removing_true_target_species (test_build_proxy_ablation_manifest.ProxyAblationManifestTests.test_magnetite_is_removed_without_removing_true_target_species) ... ok
test_titanomagnetite_counts_are_traced (test_build_proxy_ablation_manifest.ProxyAblationManifestTests.test_titanomagnetite_counts_are_traced) ... ok
test_missing_photographers_are_rejected (test_build_source_holdout_manifest.SourceHoldoutManifestTests.test_missing_photographers_are_rejected) ... ok
test_photographer_and_duplicate_groups_never_cross_splits (test_build_source_holdout_manifest.SourceHoldoutManifestTests.test_photographer_and_duplicate_groups_never_cross_splits) ... ok
test_cli_writes_all_fold_manifests_and_hashes (test_build_tc_oos_rsg_manifests.TCOOSRSGManifestTests.test_cli_writes_all_fold_manifests_and_hashes) ... ok
test_cross_subset_group_leakage_is_rejected (test_build_tc_oos_rsg_manifests.TCOOSRSGManifestTests.test_cross_subset_group_leakage_is_rejected) ... ok
test_inner_subsets_follow_registered_names_and_group_isolation (test_build_tc_oos_rsg_manifests.TCOOSRSGManifestTests.test_inner_subsets_follow_registered_names_and_group_isolation) ... ok
test_outer_folds_jointly_cover_every_development_row_once (test_build_tc_oos_rsg_manifests.TCOOSRSGManifestTests.test_outer_folds_jointly_cover_every_development_row_once) ... ok
test_outer_partition_is_deterministic_and_group_intact (test_build_tc_oos_rsg_manifests.TCOOSRSGManifestTests.test_outer_partition_is_deterministic_and_group_intact) ... ok
test_spent_final_eval_rows_are_rejected (test_build_tc_oos_rsg_manifests.TCOOSRSGManifestTests.test_spent_final_eval_rows_are_rejected) ... ok
test_titanomagnetite_is_balanced_four_four_five_when_thirteen_groups_exist (test_build_tc_oos_rsg_manifests.TCOOSRSGManifestTests.test_titanomagnetite_is_balanced_four_four_five_when_thirteen_groups_exist) ... ok
test_equation_specs_use_required_species_to_role_kl_direction (test_build_technical_report.TechnicalReportIntegrationTests.test_equation_specs_use_required_species_to_role_kl_direction) ... ok
test_generated_report_contains_required_sections_and_figures (test_build_technical_report.TechnicalReportIntegrationTests.test_generated_report_contains_required_sections_and_figures) ... ok
test_mathtext_candidate_collection_skips_inaccessible_windows_aliases (test_build_technical_report.TechnicalReportIntegrationTests.test_mathtext_candidate_collection_skips_inaccessible_windows_aliases) ... ok
test_theory_inputs_are_loaded_from_reproducible_outputs (test_build_technical_report.TechnicalReportIntegrationTests.test_theory_inputs_are_loaded_from_reproducible_outputs) ... ok
test_clopper_pearson_upper_is_valid_for_zero_errors (test_calibrate_selective_recognition.CalibratedSelectiveRecognitionTests.test_clopper_pearson_upper_is_valid_for_zero_errors) ... ok
test_no_certificate_is_reported_when_bound_exceeds_target (test_calibrate_selective_recognition.CalibratedSelectiveRecognitionTests.test_no_certificate_is_reported_when_bound_exceeds_target) ... ok
test_temperature_is_positive_and_reduces_fit_nll (test_calibrate_selective_recognition.CalibratedSelectiveRecognitionTests.test_temperature_is_positive_and_reduces_fit_nll) ... ok
test_validation_subsets_do_not_share_groups (test_calibrate_selective_recognition.CalibratedSelectiveRecognitionTests.test_validation_subsets_do_not_share_groups) ... ok
test_ac_disconnected_initially_starts_no_worker (test_check_lc_native_environment.NativeAcceptanceTests.test_ac_disconnected_initially_starts_no_worker) ... ok
test_ac_loss_mid_worker_aborts_and_releases (test_check_lc_native_environment.NativeAcceptanceTests.test_ac_loss_mid_worker_aborts_and_releases) ... ok
test_changed_registered_source_rejected_before_native_api (test_check_lc_native_environment.NativeAcceptanceTests.test_changed_registered_source_rejected_before_native_api) ... ok
test_complete_idle_and_timeout_cleanup_release_request (test_check_lc_native_environment.NativeAcceptanceTests.test_complete_idle_and_timeout_cleanup_release_request) ... ok
test_draft_changed_budget_or_unapproved_scope_rejected (test_check_lc_native_environment.NativeAcceptanceTests.test_draft_changed_budget_or_unapproved_scope_rejected) ... ok
test_exhausted_cumulative_budget_starts_no_second_worker (test_check_lc_native_environment.NativeAcceptanceTests.test_exhausted_cumulative_budget_starts_no_second_worker) ... ok
test_existing_output_never_resumes_or_retries (test_check_lc_native_environment.NativeAcceptanceTests.test_existing_output_never_resumes_or_retries) ... ok
test_long_incomplete_duration_stops_before_short_job (test_check_lc_native_environment.NativeAcceptanceTests.test_long_incomplete_duration_stops_before_short_job) ... ok
test_long_missing_attempt_stops_before_short_job (test_check_lc_native_environment.NativeAcceptanceTests.test_long_missing_attempt_stops_before_short_job) ... ok
test_long_missing_exit_stops_before_short_job (test_check_lc_native_environment.NativeAcceptanceTests.test_long_missing_exit_stops_before_short_job) ... ok
test_long_unreaped_child_stops_before_short_job (test_check_lc_native_environment.NativeAcceptanceTests.test_long_unreaped_child_stops_before_short_job) ... ok
test_long_unreleased_request_stops_before_short_job (test_check_lc_native_environment.NativeAcceptanceTests.test_long_unreleased_request_stops_before_short_job) ... ok
test_long_worker_failure_stops_before_short_job (test_check_lc_native_environment.NativeAcceptanceTests.test_long_worker_failure_stops_before_short_job) ... ok
test_no_execute_flag_cannot_create_output_or_power_request (test_check_lc_native_environment.NativeAcceptanceTests.test_no_execute_flag_cannot_create_output_or_power_request) ... ok
test_power_setting_change_cannot_pass (test_check_lc_native_environment.NativeAcceptanceTests.test_power_setting_change_cannot_pass) ... ok
test_recent_input_is_inconclusive_not_pass_or_retry (test_check_lc_native_environment.NativeAcceptanceTests.test_recent_input_is_inconclusive_not_pass_or_retry) ... ok
test_remote_failure_does_not_request_power_or_start_worker (test_check_lc_native_environment.NativeAcceptanceTests.test_remote_failure_does_not_request_power_or_start_worker) ... ok
test_remote_protocol_and_source_bytes_must_match (test_check_lc_native_environment.NativeAcceptanceTests.test_remote_protocol_and_source_bytes_must_match) ... ok
test_settings_change_or_release_failure_cannot_pass (test_check_lc_native_environment.NativeAcceptanceTests.test_settings_change_or_release_failure_cannot_pass) ... ok
test_short_child_must_time_out_and_be_reaped (test_check_lc_native_environment.NativeAcceptanceTests.test_short_child_must_time_out_and_be_reaped) ... ok
test_source_changed_during_remote_preflight_cannot_start_native (test_check_lc_native_environment.NativeAcceptanceTests.test_source_changed_during_remote_preflight_cannot_start_native) ... ok
test_supervision_gap_during_release_cannot_pass (test_check_lc_native_environment.NativeAcceptanceTests.test_supervision_gap_during_release_cannot_pass) ... ok
test_bridge_reads_ac_session_idle_wrap_and_settings_without_writes (test_check_lc_native_environment.NativeBridgeTests.test_bridge_reads_ac_session_idle_wrap_and_settings_without_writes) ... ok
test_native_read_errors_fail_closed_and_free_scheme (test_check_lc_native_environment.NativeBridgeTests.test_native_read_errors_fail_closed_and_free_scheme) ... ok
test_power_monitor_fails_on_unknown_or_battery_only_ac (test_check_lc_native_environment.NativeBridgeTests.test_power_monitor_fails_on_unknown_or_battery_only_ac) ... ok
test_package_writes_review_csv_and_contact_sheet (test_create_review_package.ReviewPackageTests.test_package_writes_review_csv_and_contact_sheet) ... ok
test_resolve_image_path_uses_dataset_root (test_create_review_package.StratifiedSampleTests.test_resolve_image_path_uses_dataset_root) ... ok
test_sample_covers_each_available_split_when_quota_allows (test_create_review_package.StratifiedSampleTests.test_sample_covers_each_available_split_when_quota_allows) ... ok
test_sample_is_deterministic_and_capped_per_mineral (test_create_review_package.StratifiedSampleTests.test_sample_is_deterministic_and_capped_per_mineral) ... ok
test_perfectly_separated_scores_have_perfect_auc_and_zero_fpr95 (test_evaluate_open_set_protocol.OpenSetProtocolTests.test_perfectly_separated_scores_have_perfect_auc_and_zero_fpr95) ... ok
test_scores_require_both_known_and_unknown_examples (test_evaluate_open_set_protocol.OpenSetProtocolTests.test_scores_require_both_known_and_unknown_examples) ... ok
test_threshold_retains_at_least_requested_known_fraction (test_evaluate_open_set_protocol.OpenSetProtocolTests.test_threshold_retains_at_least_requested_known_fraction) ... ok
test_probability_row_lengths_must_match (test_export_hierarchical_probabilities.ExportHierarchicalProbabilitiesTests.test_probability_row_lengths_must_match) ... ok
test_probability_rows_include_both_role_paths_and_metadata (test_export_hierarchical_probabilities.ExportHierarchicalProbabilitiesTests.test_probability_rows_include_both_role_paths_and_metadata) ... ok
test_active_verifier_has_final_output_gradient (test_final_gate_pilot.FinalGateLossTests.test_active_verifier_has_final_output_gradient) ... ok
test_neutral_verifier_equals_mixture_nll (test_final_gate_pilot.FinalGateLossTests.test_neutral_verifier_equals_mixture_nll) ... ok
test_docx_package_relationship_targets_exist (test_formal_report_v2.FormalReportV2Tests.test_docx_package_relationship_targets_exist) ... ok
test_figure_and_table_numbers_are_unique (test_formal_report_v2.FormalReportV2Tests.test_figure_and_table_numbers_are_unique) ... ok
test_images_fit_inside_page_width (test_formal_report_v2.FormalReportV2Tests.test_images_fit_inside_page_width) ... ok
test_v2_sections_and_evidence_are_present (test_formal_report_v2.FormalReportV2Tests.test_v2_sections_and_evidence_are_present) ... ok
test_claims_remain_within_the_evidence_boundary (test_formal_report_v3.FormalReportV3Tests.test_claims_remain_within_the_evidence_boundary) ... ok
test_new_figure_is_embedded_and_captions_remain_unique (test_formal_report_v3.FormalReportV3Tests.test_new_figure_is_embedded_and_captions_remain_unique) ... ok
test_paired_inference_section_and_evidence_are_present (test_formal_report_v3.FormalReportV3Tests.test_paired_inference_section_and_evidence_are_present) ... ok
test_hrgv_figures_are_embedded_and_caption_ids_are_unique (test_formal_report_v4.FormalReportV4Tests.test_hrgv_figures_are_embedded_and_caption_ids_are_unique) ... ok
test_hrgv_method_theory_and_results_are_present (test_formal_report_v4.FormalReportV4Tests.test_hrgv_method_theory_and_results_are_present) ... ok
test_theory_claims_are_not_overstated (test_formal_report_v4.FormalReportV4Tests.test_theory_claims_are_not_overstated) ... ok
test_rsg_boundary_and_caption_ids_are_valid (test_formal_report_v5.FormalReportV5Tests.test_rsg_boundary_and_caption_ids_are_valid) ... ok
test_rsg_theory_and_formal_evidence_are_present (test_formal_report_v5.FormalReportV5Tests.test_rsg_theory_and_formal_evidence_are_present) ... ok
test_updated_architecture_is_embedded (test_formal_report_v5.FormalReportV5Tests.test_updated_architecture_is_embedded) ... ok
test_source_holdout_rsg_evidence_and_boundaries_are_present (test_formal_report_v6.FormalReportV6Tests.test_source_holdout_rsg_evidence_and_boundaries_are_present) ... ok
test_formal_proof_appendix_is_present (test_formal_report_v7.FormalReportV7Tests.test_formal_proof_appendix_is_present) ... ok
test_proof_equations_are_embedded (test_formal_report_v7.FormalReportV7Tests.test_proof_equations_are_embedded) ... ok
test_appends_theory_ablation_appendix_once (test_formal_report_v8.FormalReportV8Tests.test_appends_theory_ablation_appendix_once) ... ok
test_feature_checkpoint_subset_is_strict (test_frozen_visual_probe.FrozenVisualProbeTests.test_feature_checkpoint_subset_is_strict) ... ok
test_feature_model_frozen_and_batchnorm_state_cannot_update (test_frozen_visual_probe.FrozenVisualProbeTests.test_feature_model_frozen_and_batchnorm_state_cannot_update) ... ok
test_fit_only_pca_standardization_and_constant_columns (test_frozen_visual_probe.FrozenVisualProbeTests.test_fit_only_pca_standardization_and_constant_columns) ... ok
test_input_ablations_share_dimensions_without_label_access (test_frozen_visual_probe.FrozenVisualProbeTests.test_input_ablations_share_dimensions_without_label_access) ... ok
test_invalid_values_and_dimensions_fail_before_training (test_frozen_visual_probe.FrozenVisualProbeTests.test_invalid_values_and_dimensions_fail_before_training) ... ok
test_output_overwrite_fails_before_any_source_read (test_frozen_visual_probe.FrozenVisualProbeTests.test_output_overwrite_fails_before_any_source_read) ... ok
test_path_scope_rejects_traversal_absolute_and_alias_duplicates (test_frozen_visual_probe.FrozenVisualProbeTests.test_path_scope_rejects_traversal_absolute_and_alias_duplicates) ... ok
test_probability_metrics_distinguish_promotions_losses_and_intrusions (test_frozen_visual_probe.FrozenVisualProbeTests.test_probability_metrics_distinguish_promotions_losses_and_intrusions) ... ok
test_registered_protocol_rejects_scope_budget_or_architecture_changes (test_frozen_visual_probe.FrozenVisualProbeTests.test_registered_protocol_rejects_scope_budget_or_architecture_changes) ... ok
test_small_heads_replay_training_and_select_earliest_minimum (test_frozen_visual_probe.FrozenVisualProbeTests.test_small_heads_replay_training_and_select_earliest_minimum) ... ok
test_deterministic_order_and_group_integrity (test_gate_supervision_partition.PartitionTests.test_deterministic_order_and_group_integrity) ... ok
test_reject_ambiguous_group (test_gate_supervision_partition.PartitionTests.test_reject_ambiguous_group) ... ok
test_reject_insufficient_groups (test_gate_supervision_partition.PartitionTests.test_reject_insufficient_groups) ... ok
test_reject_nontraining (test_gate_supervision_partition.PartitionTests.test_reject_nontraining) ... ok
test_figure_refuses_outer_evaluation_claim (test_generate_abmp_capacity_figure.CapacityFigureTests.test_figure_refuses_outer_evaluation_claim) ... ok
test_plot_counts_are_audited_counts_not_oracle_accuracy (test_generate_abmp_capacity_figure.CapacityFigureTests.test_plot_counts_are_audited_counts_not_oracle_accuracy) ... ok
test_exports_editable_diagram_and_source (test_generate_abmp_rsg_figure.FigureTests.test_exports_editable_diagram_and_source) ... ok
test_theory_audit_checks_independent_margin_and_dominance (test_generate_abmp_rsg_figure.FigureTests.test_theory_audit_checks_independent_margin_and_dominance) ... ok
test_cgdc_figure_exports_disagreement_calibration_modules (test_generate_hrgv_architecture_figure.HRGVArchitectureFigureTests.test_cgdc_figure_exports_disagreement_calibration_modules) ... ok
test_figure_exports_publication_bundle_and_all_required_modules (test_generate_hrgv_architecture_figure.HRGVArchitectureFigureTests.test_figure_exports_publication_bundle_and_all_required_modules) ... ok
test_mrpg_figure_contains_capacity_normalization_and_monotonicity (test_generate_hrgv_architecture_figure.HRGVArchitectureFigureTests.test_mrpg_figure_contains_capacity_normalization_and_monotonicity) ... ok
test_rpg_figure_exports_partitioned_uncertainty_modules (test_generate_hrgv_architecture_figure.HRGVArchitectureFigureTests.test_rpg_figure_exports_partitioned_uncertainty_modules) ... ok
test_counts_shapes_and_shared_auxiliary_head_come_from_model (test_generate_lc_role_adaptation_figure.FigureTests.test_counts_shapes_and_shared_auxiliary_head_come_from_model) ... ok
test_export_bundle_is_editable_sized_and_has_traceable_source (test_generate_lc_role_adaptation_figure.FigureTests.test_export_bundle_is_editable_sized_and_has_traceable_source) ... ok
test_rejects_incompatible_model_or_unsupported_effect_claim (test_generate_lc_role_adaptation_figure.FigureTests.test_rejects_incompatible_model_or_unsupported_effect_claim) ... ok
test_builds_direction_aligned_effects (test_generate_oos_confirmation_figure.OOSConfirmationFigureTests.test_builds_direction_aligned_effects) ... ok
test_exports_reviewable_bundle (test_generate_oos_confirmation_figure.OOSConfirmationFigureTests.test_exports_reviewable_bundle) ... ok
test_layout_contract_keeps_notes_and_decision_footer_separated (test_generate_oos_confirmation_figure.OOSConfirmationFigureTests.test_layout_contract_keeps_notes_and_decision_footer_separated) ... ok
test_exports_figure_bundle_with_claim_boundary (test_generate_oos_rsg_training_figure.OOSRSGFigureTests.test_exports_figure_bundle_with_claim_boundary) ... ok
test_build_target_proxy_comparison_rows_keeps_each_strategy (test_generate_paper_figures.FigureSummaryTests.test_build_target_proxy_comparison_rows_keeps_each_strategy) ... ok
test_build_target_proxy_source_rows_preserves_mean_and_variation (test_generate_paper_figures.FigureSummaryTests.test_build_target_proxy_source_rows_preserves_mean_and_variation) ... ok
test_focal_seed_paths_include_all_three_formal_seeds (test_generate_paper_figures.FigureSummaryTests.test_focal_seed_paths_include_all_three_formal_seeds) ... ok
test_hierarchical_architecture_figure_exports_a_png_and_source_description (test_generate_paper_figures.FigureSummaryTests.test_hierarchical_architecture_figure_exports_a_png_and_source_description) ... ok
test_hierarchical_model_spec_has_three_formal_seeds (test_generate_paper_figures.FigureSummaryTests.test_hierarchical_model_spec_has_three_formal_seeds) ... ok
test_role_aware_model_spec_has_three_formal_seeds (test_generate_paper_figures.FigureSummaryTests.test_role_aware_model_spec_has_three_formal_seeds) ... ok
test_summarize_focal_ablation_uses_all_formal_seeds (test_generate_paper_figures.FigureSummaryTests.test_summarize_focal_ablation_uses_all_formal_seeds) ... ok
test_summarize_values_rejects_fewer_than_two_runs (test_generate_paper_figures.FigureSummaryTests.test_summarize_values_rejects_fewer_than_two_runs) ... ok
test_summarize_values_returns_sample_standard_deviation (test_generate_paper_figures.FigureSummaryTests.test_summarize_values_returns_sample_standard_deviation) ... ok
test_theory_aware_architecture_figure_is_created (test_generate_paper_figures.FigureSummaryTests.test_theory_aware_architecture_figure_is_created) ... ok
test_theory_aware_consistency_labels_show_both_posteriors (test_generate_paper_figures.FigureSummaryTests.test_theory_aware_consistency_labels_show_both_posteriors) ... ok
test_architecture_bundle_is_exported_with_a_nonperformance_claim_boundary (test_generate_phr_routing_figure.PHRRoutingFigureTests.test_architecture_bundle_is_exported_with_a_nonperformance_claim_boundary) ... ok
test_accepts_inactive_single_edge_diagnostics_as_not_applicable (test_generate_phr_screen_decision.PHRScreenDecisionTests.test_accepts_inactive_single_edge_diagnostics_as_not_applicable) ... ok
test_formal_runner_rejects_decision_after_validation_evidence_changes (test_generate_phr_screen_decision.PHRScreenDecisionTests.test_formal_runner_rejects_decision_after_validation_evidence_changes) ... ok
test_formal_runner_rejects_source_changed_since_screening (test_generate_phr_screen_decision.PHRScreenDecisionTests.test_formal_runner_rejects_source_changed_since_screening) ... ok
test_promotes_only_when_registered_validation_criterion_is_met (test_generate_phr_screen_decision.PHRScreenDecisionTests.test_promotes_only_when_registered_validation_criterion_is_met) ... ok
test_refuses_promotion_when_no_criterion_is_met (test_generate_phr_screen_decision.PHRScreenDecisionTests.test_refuses_promotion_when_no_criterion_is_met) ... ok
test_exports_exact_convex_fusion_decomposition_with_traceability (test_generate_rsg_exact_regret_figure.RSGExactRegretFigureTests.test_exports_exact_convex_fusion_decomposition_with_traceability) ... ok
test_figure_exports_cross_granularity_diagnostics (test_generate_rsg_expert_complementarity_figure.RSGExpertComplementarityFigureTests.test_figure_exports_cross_granularity_diagnostics) ... ok
test_exports_two_theorem_diagnostics_with_claim_boundary (test_generate_rsg_gate_reliability_figure.RSGGateReliabilityFigureTests.test_exports_two_theorem_diagnostics_with_claim_boundary) ... ok
test_figure_can_include_a_preregistered_backbone_portability_effect (test_generate_rsg_theory_evidence_figure.RSGTheoryEvidenceFigureTests.test_figure_can_include_a_preregistered_backbone_portability_effect) ... ok
test_figure_exports_theorems_and_confirmed_routing_effects (test_generate_rsg_theory_evidence_figure.RSGTheoryEvidenceFigureTests.test_figure_exports_theorems_and_confirmed_routing_effects) ... ok
test_figure_exports_architecture_bundle_and_theorem_evidence (test_generate_tc_oos_rsg_figure.TCOOSRSGFigureTests.test_figure_exports_architecture_bundle_and_theorem_evidence) ... ok
test_svg_contains_implemented_tensor_and_theorem_labels (test_generate_tc_oos_rsg_figure.TCOOSRSGFigureTests.test_svg_contains_implemented_tensor_and_theorem_labels) ... ok
test_consistency_loss_is_lower_when_role_logits_match_species_aggregation (test_hierarchical_mineral_classifier.HierarchicalMineralClassifierTests.test_consistency_loss_is_lower_when_role_logits_match_species_aggregation) ... ok
test_model_supports_a_backward_pass_with_all_heads (test_hierarchical_mineral_classifier.HierarchicalMineralClassifierTests.test_model_supports_a_backward_pass_with_all_heads) ... ok
test_species_target_tensor_follows_the_frozen_mapping (test_hierarchical_mineral_classifier.HierarchicalMineralClassifierTests.test_species_target_tensor_follows_the_frozen_mapping) ... ok
test_adapter_decomposition_penalizes_aligned_residuals_more_than_orthogonal (test_hrgv_network.CGDCProbabilityPrimitiveTests.test_adapter_decomposition_penalizes_aligned_residuals_more_than_orthogonal) ... ok
test_disagreement_calibration_is_identity_when_experts_agree (test_hrgv_network.CGDCProbabilityPrimitiveTests.test_disagreement_calibration_is_identity_when_experts_agree) ... ok
test_disagreement_calibration_keeps_simplex_and_bounded_log_odds_shift (test_hrgv_network.CGDCProbabilityPrimitiveTests.test_disagreement_calibration_keeps_simplex_and_bounded_log_odds_shift) ... ok
test_disagreement_gain_has_global_half_budget (test_hrgv_network.CGDCProbabilityPrimitiveTests.test_disagreement_gain_has_global_half_budget) ... ok
test_masked_verifier_loss_returns_differentiable_zero_without_eligible_samples (test_hrgv_network.CGDCProbabilityPrimitiveTests.test_masked_verifier_loss_returns_differentiable_zero_without_eligible_samples) ... ok
test_masked_verifier_loss_uses_only_target_and_selected_negative (test_hrgv_network.CGDCProbabilityPrimitiveTests.test_masked_verifier_loss_uses_only_target_and_selected_negative) ... ok
test_cgdc_loss_trains_adapters_and_calibration_head (test_hrgv_network.HRGVModelTests.test_cgdc_loss_trains_adapters_and_calibration_head) ... ok
test_cgdc_model_exposes_decomposed_experts_and_calibrated_posterior (test_hrgv_network.HRGVModelTests.test_cgdc_model_exposes_decomposed_experts_and_calibrated_posterior) ... ok
test_complete_loss_backpropagates_through_every_hrgv_module (test_hrgv_network.HRGVModelTests.test_complete_loss_backpropagates_through_every_hrgv_module) ... ok
test_coupled_phr_gate_supervision_reaches_shared_visual_features (test_hrgv_network.HRGVModelTests.test_coupled_phr_gate_supervision_reaches_shared_visual_features) ... ok
test_detached_phr_gate_supervision_only_updates_pair_gate_parameters (test_hrgv_network.HRGVModelTests.test_detached_phr_gate_supervision_only_updates_pair_gate_parameters) ... ok
test_detached_targets_alone_do_not_isolate_regret_gradient (test_hrgv_network.HRGVModelTests.test_detached_targets_alone_do_not_isolate_regret_gradient) ... ok
test_model_output_contract_and_probability_invariants (test_hrgv_network.HRGVModelTests.test_model_output_contract_and_probability_invariants) ... ok
test_model_rejects_unknown_backbone (test_hrgv_network.HRGVModelTests.test_model_rejects_unknown_backbone) ... ok
test_model_rejects_unknown_verifier_mode (test_hrgv_network.HRGVModelTests.test_model_rejects_unknown_verifier_mode) ... ok
test_mrpg_model_exports_capacity_normalized_diagnostics (test_hrgv_network.HRGVModelTests.test_mrpg_model_exports_capacity_normalized_diagnostics) ... ok
test_mrpg_rejects_combination_with_rpg (test_hrgv_network.HRGVModelTests.test_mrpg_rejects_combination_with_rpg) ... ok
test_pairwise_regret_loss_only_uses_its_eligible_hard_negative_edge (test_hrgv_network.HRGVModelTests.test_pairwise_regret_loss_only_uses_its_eligible_hard_negative_edge) ... ok
test_phr_fixed_gate_and_inactive_edge_match_the_ablation (test_hrgv_network.HRGVModelTests.test_phr_fixed_gate_and_inactive_edge_match_the_ablation) ... ok
test_phr_model_exposes_pairwise_outputs_and_exact_final_margins (test_hrgv_network.HRGVModelTests.test_phr_model_exposes_pairwise_outputs_and_exact_final_margins) ... ok
test_regret_gate_loss_is_isolated_from_backbone_and_experts_when_detached (test_hrgv_network.HRGVModelTests.test_regret_gate_loss_is_isolated_from_backbone_and_experts_when_detached) ... ok
test_resnet50_backbone_preserves_the_hrgv_output_contract (test_hrgv_network.HRGVModelTests.test_resnet50_backbone_preserves_the_hrgv_output_contract) ... ok
test_rpg_model_exposes_role_partitioned_uncertainty (test_hrgv_network.HRGVModelTests.test_rpg_model_exposes_role_partitioned_uncertainty) ... ok
test_verifier_only_loss_is_isolated_from_backbone_by_default (test_hrgv_network.HRGVModelTests.test_verifier_only_loss_is_isolated_from_backbone_by_default) ... ok
test_zero_regret_weight_preserves_original_hrgv_total_loss (test_hrgv_network.HRGVModelTests.test_zero_regret_weight_preserves_original_hrgv_total_loss) ... ok
test_entropy_and_js_divergence_have_batch_column_shape (test_hrgv_network.HRGVProbabilityPrimitiveTests.test_entropy_and_js_divergence_have_batch_column_shape) ... ok
test_js_divergence_rejects_mismatched_shapes (test_hrgv_network.HRGVProbabilityPrimitiveTests.test_js_divergence_rejects_mismatched_shapes) ... ok
test_mixture_obeys_gate_endpoints_and_normalization (test_hrgv_network.HRGVProbabilityPrimitiveTests.test_mixture_obeys_gate_endpoints_and_normalization) ... ok
test_multiplicative_pilot_penalizes_supportive_verifiers (test_hrgv_network.HRGVProbabilityPrimitiveTests.test_multiplicative_pilot_penalizes_supportive_verifiers) ... ok
test_residual_verifier_has_neutral_zone_and_target_monotonicity (test_hrgv_network.HRGVProbabilityPrimitiveTests.test_residual_verifier_has_neutral_zone_and_target_monotonicity) ... ok
test_pairwise_log_odds_correction_satisfies_both_edges_with_minimum_norm_shift (test_hrgv_network.PairwiseHardNegativePrimitiveTests.test_pairwise_log_odds_correction_satisfies_both_edges_with_minimum_norm_shift) ... ok
test_pairwise_margin_regret_is_exact_and_bounds_logistic_regret (test_hrgv_network.PairwiseHardNegativePrimitiveTests.test_pairwise_margin_regret_is_exact_and_bounds_logistic_regret) ... ok
test_pairwise_targets_reverse_direct_expert_preference_for_negative_label (test_hrgv_network.PairwiseHardNegativePrimitiveTests.test_pairwise_targets_reverse_direct_expert_preference_for_negative_label) ... ok
test_capacity_normalized_partitioned_uncertainties_are_bounded (test_hrgv_network.RPGProbabilityPrimitiveTests.test_capacity_normalized_partitioned_uncertainties_are_bounded) ... ok
test_gate_feature_modes_do_not_conflate_partitioned_uncertainties (test_hrgv_network.RPGProbabilityPrimitiveTests.test_gate_feature_modes_do_not_conflate_partitioned_uncertainties) ... ok
test_monotone_role_gate_has_nonnegative_finite_difference (test_hrgv_network.RPGProbabilityPrimitiveTests.test_monotone_role_gate_has_nonnegative_finite_difference) ... ok
test_monotone_role_gate_never_decreases_with_between_role_uncertainty (test_hrgv_network.RPGProbabilityPrimitiveTests.test_monotone_role_gate_never_decreases_with_between_role_uncertainty) ... ok
test_partitioned_entropy_obeys_chain_rule (test_hrgv_network.RPGProbabilityPrimitiveTests.test_partitioned_entropy_obeys_chain_rule) ... ok
test_role_fusion_stays_inside_coordinatewise_expert_envelope (test_hrgv_network.RPGProbabilityPrimitiveTests.test_role_fusion_stays_inside_coordinatewise_expert_envelope) ... ok
test_singleton_role_has_zero_conditional_entropy (test_hrgv_network.RPGProbabilityPrimitiveTests.test_singleton_role_has_zero_conditional_entropy) ... ok
test_within_role_redistribution_preserves_mapped_role_posterior (test_hrgv_network.RPGProbabilityPrimitiveTests.test_within_role_redistribution_preserves_mapped_role_posterior) ... ok
test_gate_routing_diagnostics_identify_one_right_one_wrong_rows (test_hrgv_network.RegretGatePrimitiveTests.test_gate_routing_diagnostics_identify_one_right_one_wrong_rows) ... ok
test_regret_gap_weight_increases_with_expert_loss_gap (test_hrgv_network.RegretGatePrimitiveTests.test_regret_gap_weight_increases_with_expert_loss_gap) ... ok
test_regret_target_prefers_expert_with_lower_true_class_loss (test_hrgv_network.RegretGatePrimitiveTests.test_regret_target_prefers_expert_with_lower_true_class_loss) ... ok
test_routing_regret_bound_holds_for_deterministic_probability_pairs (test_hrgv_network.RegretGatePrimitiveTests.test_routing_regret_bound_holds_for_deterministic_probability_pairs) ... ok
test_soft_oracle_approximation_bound_holds (test_hrgv_network.RegretGatePrimitiveTests.test_soft_oracle_approximation_bound_holds) ... ok
test_weighted_soft_gate_loss_returns_differentiable_zero_for_zero_weights (test_hrgv_network.RegretGatePrimitiveTests.test_weighted_soft_gate_loss_returns_differentiable_zero_for_zero_weights) ... ok
test_weighted_soft_gate_loss_rewards_matching_gate_targets (test_hrgv_network.RegretGatePrimitiveTests.test_weighted_soft_gate_loss_rewards_matching_gate_targets) ... ok
test_backward_nonfinite_or_active_ahead_clock_fails_closed (test_lc_execution_safety.ExecutionSafetyTests.test_backward_nonfinite_or_active_ahead_clock_fails_closed) ... ok
test_clock_initialization_failure_releases_request (test_lc_execution_safety.ExecutionSafetyTests.test_clock_initialization_failure_releases_request) ... ok
test_exception_and_keyboard_interrupt_release_request (test_lc_execution_safety.ExecutionSafetyTests.test_exception_and_keyboard_interrupt_release_request) ... ok
test_failed_native_clock_and_unsupported_platform_fail_closed (test_lc_execution_safety.ExecutionSafetyTests.test_failed_native_clock_and_unsupported_platform_fail_closed) ... ok
test_failed_release_is_not_a_successful_exit (test_lc_execution_safety.ExecutionSafetyTests.test_failed_release_is_not_a_successful_exit) ... ok
test_failed_request_never_enters_protected_body (test_lc_execution_safety.ExecutionSafetyTests.test_failed_request_never_enters_protected_body) ... ok
test_native_bridge_uses_sleep_inclusive_and_active_clock_units (test_lc_execution_safety.ExecutionSafetyTests.test_native_bridge_uses_sleep_inclusive_and_active_clock_units) ... ok
test_nested_worker_checks_parent_gap_before_starting (test_lc_execution_safety.ExecutionSafetyTests.test_nested_worker_checks_parent_gap_before_starting) ... ok
test_poll_gap_fails_even_when_active_clock_also_advances (test_lc_execution_safety.ExecutionSafetyTests.test_poll_gap_fails_even_when_active_clock_also_advances) ... ok
test_sleep_delta_fails_without_waiting_for_long_poll_gap (test_lc_execution_safety.ExecutionSafetyTests.test_sleep_delta_fails_without_waiting_for_long_poll_gap) ... ok
test_success_restores_previous_flags_without_forcing_display (test_lc_execution_safety.ExecutionSafetyTests.test_success_restores_previous_flags_without_forcing_display) ... ok
test_thread_affinity_failure_does_not_release_another_thread_state (test_lc_execution_safety.ExecutionSafetyTests.test_thread_affinity_failure_does_not_release_another_thread_state) ... ok
test_batch_independence_and_output_bounds (test_lc_role_adapter.RoleAdapterTests.test_batch_independence_and_output_bounds) ... ok
test_data_gradient_not_confused_with_regularization_shrink (test_lc_role_adapter.RoleAdapterTests.test_data_gradient_not_confused_with_regularization_shrink) ... ok
test_invalid_anchor_shape_scores_budget_and_arm_rejected (test_lc_role_adapter.RoleAdapterTests.test_invalid_anchor_shape_scores_budget_and_arm_rejected) ... ok
test_near_one_anchor_is_stable_and_underflow_is_explicit (test_lc_role_adapter.RoleAdapterTests.test_near_one_anchor_is_stable_and_underflow_is_explicit) ... ok
test_objective_pair_arm_scope_and_all_parameter_l2 (test_lc_role_adapter.RoleAdapterTests.test_objective_pair_arm_scope_and_all_parameter_l2) ... ok
test_pair_loss_averages_each_mask_before_equal_pair_weight (test_lc_role_adapter.RoleAdapterTests.test_pair_loss_averages_each_mask_before_equal_pair_weight) ... ok
test_parameter_counts_identity_and_comparable_initialization (test_lc_role_adapter.RoleAdapterTests.test_parameter_counts_identity_and_comparable_initialization) ... ok
test_role_and_uniform_gates_and_shared_auxiliary_views (test_lc_role_adapter.RoleAdapterTests.test_role_and_uniform_gates_and_shared_auxiliary_views) ... ok
test_5000_fixed_seed_edge_cases_and_zero_budget (test_lc_role_audit.TheoryCertificateTests.test_5000_fixed_seed_edge_cases_and_zero_budget) ... ok
test_lipschitz_certificate_uses_actual_matrices_and_b_squared (test_lc_role_audit.TheoryCertificateTests.test_lipschitz_certificate_uses_actual_matrices_and_b_squared) ... ok
test_same_weight_plain_replay_not_anchor_and_flat_reconstruction (test_lc_role_audit.TheoryCertificateTests.test_same_weight_plain_replay_not_anchor_and_flat_reconstruction) ... ok
test_simultaneous_class_branch_routing_and_supervision_relabel (test_lc_role_audit.TheoryCertificateTests.test_simultaneous_class_branch_routing_and_supervision_relabel) ... ok
test_unbounded_arm_does_not_receive_bounded_probability_claim (test_lc_role_audit.TheoryCertificateTests.test_unbounded_arm_does_not_receive_bounded_probability_claim) ... ok
test_unique_margin_protection_and_ties (test_lc_role_audit.TheoryCertificateTests.test_unique_margin_protection_and_ties) ... ok
test_valid_nonzero_network_and_one_violation_cannot_average_away (test_lc_role_audit.TheoryCertificateTests.test_valid_nonzero_network_and_one_violation_cannot_average_away) ... ok
test_cache_checks_original_dtype_before_conversion (test_lc_role_data.RoleDataTests.test_cache_checks_original_dtype_before_conversion) ... ok
test_cache_identity_hash_scope_and_row_corruption_rejected (test_lc_role_data.RoleDataTests.test_cache_identity_hash_scope_and_row_corruption_rejected) ... ok
test_group_assignment_and_missing_validation_class (test_lc_role_data.RoleDataTests.test_group_assignment_and_missing_validation_class) ... ok
test_pca_and_training_class_failures (test_lc_role_data.RoleDataTests.test_pca_and_training_class_failures) ... ok
test_preprocessing_uses_only_training_values_and_labels (test_lc_role_data.RoleDataTests.test_preprocessing_uses_only_training_values_and_labels) ... ok
test_repeat_serialization_and_constant_columns (test_lc_role_data.RoleDataTests.test_repeat_serialization_and_constant_columns) ... ok
test_all_arms_grouped_synthetic_selection_refit_and_replay (test_lc_role_training.InnerSelectionTests.test_all_arms_grouped_synthetic_selection_refit_and_replay) ... ok
test_all_neural_arms_single_trajectory_and_exact_replay (test_lc_role_training.InnerSelectionTests.test_all_neural_arms_single_trajectory_and_exact_replay) ... ok
test_checkpoint_budget_nan_scope_and_stop_interface (test_lc_role_training.InnerSelectionTests.test_checkpoint_budget_nan_scope_and_stop_interface) ... ok
test_convex_controls_have_stationarity_certificates_and_replay (test_lc_role_training.InnerSelectionTests.test_convex_controls_have_stationarity_certificates_and_replay) ... ok
test_duplicate_missing_wrong_fold_or_untrusted_oof_rejected (test_lc_role_training.InnerSelectionTests.test_duplicate_missing_wrong_fold_or_untrusted_oof_rejected) ... ok
test_exact_ties_and_matched_budget_filter (test_lc_role_training.InnerSelectionTests.test_exact_ties_and_matched_budget_filter) ... ok
test_gradients_are_separated_l2_includes_bias_and_missing_class_fails (test_lc_role_training.InnerSelectionTests.test_gradients_are_separated_l2_includes_bias_and_missing_class_fails) ... ok
test_pooled_nll_not_fold_average_or_best_seed (test_lc_role_training.InnerSelectionTests.test_pooled_nll_not_fold_average_or_best_seed) ... ok
test_uncertified_convex_oof_cannot_enter_selection (test_lc_role_training.InnerSelectionTests.test_uncertified_convex_oof_cannot_enter_selection) ... ok
test_aggregate_role_probabilities_sums_species_in_each_role (test_mineral_hierarchy.MineralHierarchyTests.test_aggregate_role_probabilities_sums_species_in_each_role) ... ok
test_mapping_rejects_a_species_assigned_to_more_than_one_role (test_mineral_hierarchy.MineralHierarchyTests.test_mapping_rejects_a_species_assigned_to_more_than_one_role) ... ok
test_mapping_uses_sorted_species_and_the_fixed_role_order (test_mineral_hierarchy.MineralHierarchyTests.test_mapping_uses_sorted_species_and_the_fixed_role_order) ... ok
test_computation_emits_no_tensor_conversion_warning (test_oos_gate_degeneracy.OOSGateDegeneracyTests.test_computation_emits_no_tensor_conversion_warning) ... ok
test_distinct_experts_restore_nonzero_signal (test_oos_gate_degeneracy.OOSGateDegeneracyTests.test_distinct_experts_restore_nonzero_signal) ... ok
test_equal_experts_have_zero_gate_gradient_and_weight (test_oos_gate_degeneracy.OOSGateDegeneracyTests.test_equal_experts_have_zero_gate_gradient_and_weight) ... ok
test_builds_high_precision_rows_without_rounding_to_six_digits (test_replay_hrgv_routing_diagnostics.HighPrecisionRoutingReplayTests.test_builds_high_precision_rows_without_rounding_to_six_digits) ... ok
test_role_aware_contrastive_loss_is_lower_when_target_and_hard_negatives_are_separated (test_role_aware_mineral_classifier.RoleAwareLossTests.test_role_aware_contrastive_loss_is_lower_when_target_and_hard_negatives_are_separated) ... ok
test_role_aware_contrastive_loss_is_zero_without_a_same_class_positive (test_role_aware_mineral_classifier.RoleAwareLossTests.test_role_aware_contrastive_loss_is_zero_without_a_same_class_positive) ... ok
test_select_prediction_records_truncates_only_for_smoke_run (test_role_aware_mineral_classifier.RoleAwareLossTests.test_select_prediction_records_truncates_only_for_smoke_run) ... ok
test_target_binary_labels_map_only_target_class_to_one (test_role_aware_mineral_classifier.RoleAwareLossTests.test_target_binary_labels_map_only_target_class_to_one) ... ok
test_existing_output_directory_is_rejected (test_run_abmp_rsg_development.DevelopmentTests.test_existing_output_directory_is_rejected) ... ok
test_redundant_confidence_budget_configuration_is_rejected (test_run_abmp_rsg_development.DevelopmentTests.test_redundant_confidence_budget_configuration_is_rejected) ... ok
test_registered_grid_has_27_unique_candidates (test_run_abmp_rsg_development.DevelopmentTests.test_registered_grid_has_27_unique_candidates) ... ok
test_selection_minimizes_nll_then_budget (test_run_abmp_rsg_development.DevelopmentTests.test_selection_minimizes_nll_then_budget) ... ok
test_selection_rejects_nonfinite_or_inactive_or_unsafe (test_run_abmp_rsg_development.DevelopmentTests.test_selection_rejects_nonfinite_or_inactive_or_unsafe) ... ok
test_training_changes_heads_and_returns_finite_audit (test_run_abmp_rsg_development.DevelopmentTests.test_training_changes_heads_and_returns_finite_audit) ... ok
test_formal_matrix_has_five_configurations_and_three_seeds (test_run_cgdc_rsg_experiments.CGDCExperimentMatrixTests.test_formal_matrix_has_five_configurations_and_three_seeds) ... ok
test_ablation_flags_match_the_registered_configuration (test_run_hrgv_experiments.HRGVExperimentMatrixTests.test_ablation_flags_match_the_registered_configuration) ... ok
test_every_command_has_unique_output_and_required_paths (test_run_hrgv_experiments.HRGVExperimentMatrixTests.test_every_command_has_unique_output_and_required_paths) ... ok
test_matrix_contains_five_configurations_and_three_fixed_seeds (test_run_hrgv_experiments.HRGVExperimentMatrixTests.test_matrix_contains_five_configurations_and_three_fixed_seeds) ... ok
test_actual_synthetic_worker_packet_and_history_delivery (test_run_lc_role_adaptation.ExecutionGateTests.test_actual_synthetic_worker_packet_and_history_delivery) ... ok
test_atomic_lock_must_be_complete_current_and_unmodified (test_run_lc_role_adaptation.ExecutionGateTests.test_atomic_lock_must_be_complete_current_and_unmodified) ... ok
test_authorization_cannot_be_inferred_from_code_approval (test_run_lc_role_adaptation.ExecutionGateTests.test_authorization_cannot_be_inferred_from_code_approval) ... ok
test_draft_only_permits_preflight_benchmark_and_fixed_scope (test_run_lc_role_adaptation.ExecutionGateTests.test_draft_only_permits_preflight_benchmark_and_fixed_scope) ... ok
test_existing_stage_output_is_refused_before_data_access (test_run_lc_role_adaptation.ExecutionGateTests.test_existing_stage_output_is_refused_before_data_access) ... ok
test_fit_orchestration_locks_all_groups_and_reuses_exact_s1_jobs (test_run_lc_role_adaptation.ExecutionGateTests.test_fit_orchestration_locks_all_groups_and_reuses_exact_s1_jobs) ... ok
test_gap_before_ledger_write_keeps_failure_evidence_and_no_result_read (test_run_lc_role_adaptation.ExecutionGateTests.test_gap_before_ledger_write_keeps_failure_evidence_and_no_result_read) ... ok
test_gap_is_failure_even_if_worker_exited_before_next_poll (test_run_lc_role_adaptation.ExecutionGateTests.test_gap_is_failure_even_if_worker_exited_before_next_poll) ... ok
test_hard_timeout_kills_worker_and_zero_budget_never_starts (test_run_lc_role_adaptation.ExecutionGateTests.test_hard_timeout_kills_worker_and_zero_budget_never_starts) ... ok
test_interrupted_job_stops_batch_without_second_worker (test_run_lc_role_adaptation.ExecutionGateTests.test_interrupted_job_stops_batch_without_second_worker) ... ok
test_job_batch_stops_after_first_failure_or_budget_exhaustion (test_run_lc_role_adaptation.ExecutionGateTests.test_job_batch_stops_after_first_failure_or_budget_exhaustion) ... ok
test_numeric_worker_failure_keeps_numeric_terminal_stage (test_run_lc_role_adaptation.ExecutionGateTests.test_numeric_worker_failure_keeps_numeric_terminal_stage) ... ok
test_parent_interrupt_kills_real_synthetic_child_and_releases_guard (test_run_lc_role_adaptation.ExecutionGateTests.test_parent_interrupt_kills_real_synthetic_child_and_releases_guard) ... ok
test_power_request_failure_never_spawns_worker (test_run_lc_role_adaptation.ExecutionGateTests.test_power_request_failure_never_spawns_worker) ... ok
test_registered_code_identity_uses_git_normalized_blob_bytes (test_run_lc_role_adaptation.ExecutionGateTests.test_registered_code_identity_uses_git_normalized_blob_bytes) ... ok
test_registered_runtime_records_packages_and_rejects_version_drift (test_run_lc_role_adaptation.ExecutionGateTests.test_registered_runtime_records_packages_and_rejects_version_drift) ... ok
test_release_failure_rejects_otherwise_complete_worker (test_run_lc_role_adaptation.ExecutionGateTests.test_release_failure_rejects_otherwise_complete_worker) ... ok
test_safety_failure_keeps_specific_terminal_stage (test_run_lc_role_adaptation.ExecutionGateTests.test_safety_failure_keeps_specific_terminal_stage) ... ok
test_scope_schedule_count_and_distinct_unbounded_candidates (test_run_lc_role_adaptation.ExecutionGateTests.test_scope_schedule_count_and_distinct_unbounded_candidates) ... ok
test_sources_are_hashed_not_silently_re_registered (test_run_lc_role_adaptation.ExecutionGateTests.test_sources_are_hashed_not_silently_re_registered) ... ok
test_stop_parse_only_after_valid_lock_and_cumulative_evaluation_timeout (test_run_lc_role_adaptation.ExecutionGateTests.test_stop_parse_only_after_valid_lock_and_cumulative_evaluation_timeout) ... ok
test_supervised_failure_has_one_attempt_pid_exit_and_tail (test_run_lc_role_adaptation.ExecutionGateTests.test_supervised_failure_has_one_attempt_pid_exit_and_tail) ... ok
test_formal_mrpg_matrix_has_three_configurations_and_three_seeds (test_run_mrpg_hrgv_experiments.MRPGExperimentMatrixTests.test_formal_mrpg_matrix_has_three_configurations_and_three_seeds) ... ok
test_registers_three_independent_expert_seeds (test_run_oos_confirmation_experts.OOSConfirmationExpertMatrixTests.test_registers_three_independent_expert_seeds) ... ok
test_audit_accepts_exact_strata_and_all_required_isolation (test_run_oos_rsg_confirmation.OOSRSGConfirmationTests.test_audit_accepts_exact_strata_and_all_required_isolation) ... ok
test_audit_rejects_changed_seen_unseen_strata (test_run_oos_rsg_confirmation.OOSRSGConfirmationTests.test_audit_rejects_changed_seen_unseen_strata) ... ok
test_audit_rejects_final_eval_leakage (test_run_oos_rsg_confirmation.OOSRSGConfirmationTests.test_audit_rejects_final_eval_leakage) ... ok
test_registered_experts_have_one_paired_gate_seed_each (test_run_oos_rsg_confirmation.OOSRSGConfirmationTests.test_registered_experts_have_one_paired_gate_seed_each) ... ok
test_formal_runs_only_reference_and_complete_for_three_seeds (test_run_phr_hrgv_experiments.PHRExperimentMatrixTests.test_formal_runs_only_reference_and_complete_for_three_seeds) ... ok
test_screen_registers_the_eight_predeclared_configurations (test_run_phr_hrgv_experiments.PHRExperimentMatrixTests.test_screen_registers_the_eight_predeclared_configurations) ... ok
test_formal_rpg_matrix_has_four_configurations_and_three_seeds (test_run_rpg_hrgv_experiments.RPGExperimentMatrixTests.test_formal_rpg_matrix_has_four_configurations_and_three_seeds) ... ok
test_ablation_flags_match_registered_rsg_variants (test_run_rsg_hrgv_experiments.RSGHRGVExperimentMatrixTests.test_ablation_flags_match_registered_rsg_variants) ... ok
test_formal_matrix_uses_three_registered_seeds (test_run_rsg_hrgv_experiments.RSGHRGVExperimentMatrixTests.test_formal_matrix_uses_three_registered_seeds) ... ok
test_pilot_matrix_uses_one_seed_and_five_unique_configurations (test_run_rsg_hrgv_experiments.RSGHRGVExperimentMatrixTests.test_pilot_matrix_uses_one_seed_and_five_unique_configurations) ... ok
test_resnet50_portability_matrix_registers_the_backbone_in_every_command (test_run_rsg_hrgv_experiments.RSGHRGVExperimentMatrixTests.test_resnet50_portability_matrix_registers_the_backbone_in_every_command) ... ok
test_extension_registers_two_new_seeds_and_two_locked_configurations (test_run_target_recall_extension.TargetRecallExtensionTests.test_extension_registers_two_new_seeds_and_two_locked_configurations) ... ok
test_all_six_registered_epsilon_values_are_evaluated (test_run_tc_oos_rsg_experiments.TCOOSRSGPipelineTests.test_all_six_registered_epsilon_values_are_evaluated) ... ok
test_candidate_posteriors_apply_verifiers_before_projection (test_run_tc_oos_rsg_experiments.TCOOSRSGPipelineTests.test_candidate_posteriors_apply_verifiers_before_projection) ... ok
test_evidence_ablations_mask_only_registered_dimensions (test_run_tc_oos_rsg_experiments.TCOOSRSGPipelineTests.test_evidence_ablations_mask_only_registered_dimensions) ... ok
test_gate_and_projector_trainers_return_hashed_locked_states (test_run_tc_oos_rsg_experiments.TCOOSRSGPipelineTests.test_gate_and_projector_trainers_return_hashed_locked_states) ... ok
test_gate_and_projector_use_disjoint_update_sets (test_run_tc_oos_rsg_experiments.TCOOSRSGPipelineTests.test_gate_and_projector_use_disjoint_update_sets) ... ok
test_method_matrix_exports_m0_through_m6_with_safe_main_routes (test_run_tc_oos_rsg_experiments.TCOOSRSGPipelineTests.test_method_matrix_exports_m0_through_m6_with_safe_main_routes) ... ok
test_outer_tensor_loader_runs_only_after_selection_lock (test_run_tc_oos_rsg_experiments.TCOOSRSGPipelineTests.test_outer_tensor_loader_runs_only_after_selection_lock) ... ok
test_prediction_writer_accepts_manifest_record_class_id (test_run_tc_oos_rsg_experiments.TCOOSRSGPipelineTests.test_prediction_writer_accepts_manifest_record_class_id) ... ok
test_selection_lock_hashes_every_manifest_and_locked_model (test_run_tc_oos_rsg_experiments.TCOOSRSGPipelineTests.test_selection_lock_hashes_every_manifest_and_locked_model) ... ok
test_selector_returns_explicit_fallback_when_no_candidate_is_safe (test_run_tc_oos_rsg_experiments.TCOOSRSGPipelineTests.test_selector_returns_explicit_fallback_when_no_candidate_is_safe) ... ok
test_selector_uses_recall_then_nll_then_smaller_epsilon (test_run_tc_oos_rsg_experiments.TCOOSRSGPipelineTests.test_selector_uses_recall_then_nll_then_smaller_epsilon) ... ok
test_unbounded_route_is_a_true_no_safety_layer_ablation (test_run_tc_oos_rsg_experiments.TCOOSRSGPipelineTests.test_unbounded_route_is_a_true_no_safety_layer_ablation) ... ok
test_audit_allows_multiple_images_in_one_group_within_a_subset (test_run_tc_oos_rsg_experts.TCExpertWrapperTests.test_audit_allows_multiple_images_in_one_group_within_a_subset) ... ok
test_audit_rejects_group_overlap (test_run_tc_oos_rsg_experts.TCExpertWrapperTests.test_audit_rejects_group_overlap) ... ok
test_audit_rejects_nonmatching_role_species_maps (test_run_tc_oos_rsg_experts.TCExpertWrapperTests.test_audit_rejects_nonmatching_role_species_maps) ... ok
test_default_commands_use_matched_efficientnet_b0_configuration (test_run_tc_oos_rsg_experts.TCExpertWrapperTests.test_default_commands_use_matched_efficientnet_b0_configuration) ... ok
test_selection_locks_contain_manifest_config_and_checkpoint_hashes (test_run_tc_oos_rsg_experts.TCExpertWrapperTests.test_selection_locks_contain_manifest_config_and_checkpoint_hashes) ... ok
test_accepts_exact_strata_match_and_group_isolation (test_seen_unseen_gate_study.GateSupervisionAuditTests.test_accepts_exact_strata_match_and_group_isolation) ... ok
test_rejects_mismatched_species_role_counts (test_seen_unseen_gate_study.GateSupervisionAuditTests.test_rejects_mismatched_species_role_counts) ... ok
test_rejects_unseen_group_present_in_expert (test_seen_unseen_gate_study.GateSupervisionAuditTests.test_rejects_unseen_group_present_in_expert) ... ok
test_selects_earliest_minimum (test_seen_unseen_gate_study.SelectionTests.test_selects_earliest_minimum) ... ok
test_component_rows_reject_missing_metrics (test_summarize_hierarchical_ablations.HierarchicalAblationSummaryTests.test_component_rows_reject_missing_metrics) ... ok
test_component_rows_use_full_model_as_reference (test_summarize_hierarchical_ablations.HierarchicalAblationSummaryTests.test_component_rows_use_full_model_as_reference) ... ok
test_common_subset_requires_identical_image_ids (test_summarize_paper_experiments.SummarizePaperExperimentsTests.test_common_subset_requires_identical_image_ids) ... ok
test_prediction_metrics_report_role_and_species_recall (test_summarize_paper_experiments.SummarizePaperExperimentsTests.test_prediction_metrics_report_role_and_species_recall) ... ok
test_exact_target_change_identity_has_zero_residual (test_tc_oos_rsg.TargetConstrainedProjectionTests.test_exact_target_change_identity_has_zero_residual) ... ok
test_invalid_probabilities_and_shapes_are_rejected (test_tc_oos_rsg.TargetConstrainedProjectionTests.test_invalid_probabilities_and_shapes_are_rejected) ... ok
test_projection_head_emits_one_finite_probability_per_row (test_tc_oos_rsg.TargetConstrainedProjectionTests.test_projection_head_emits_one_finite_probability_per_row) ... ok
test_projection_returns_simplex_probabilities (test_tc_oos_rsg.TargetConstrainedProjectionTests.test_projection_returns_simplex_probabilities) ... ok
test_target_drop_never_exceeds_epsilon (test_tc_oos_rsg.TargetConstrainedProjectionTests.test_target_drop_never_exceeds_epsilon) ... ok
test_zero_budget_still_routes_when_candidate_does_not_reduce_target (test_tc_oos_rsg.TargetConstrainedProjectionTests.test_zero_budget_still_routes_when_candidate_does_not_reduce_target) ... ok
test_calibration_metrics_measure_ece_and_brier_from_full_posteriors (test_train_hrgv_mineral_classifier.HRGVArtifactTests.test_calibration_metrics_measure_ece_and_brier_from_full_posteriors) ... ok
test_gate_summary_reports_routing_accuracy_regret_and_disagreement_subset (test_train_hrgv_mineral_classifier.HRGVArtifactTests.test_gate_summary_reports_routing_accuracy_regret_and_disagreement_subset) ... ok
test_prediction_rows_include_all_hrgv_diagnostics (test_train_hrgv_mineral_classifier.HRGVArtifactTests.test_prediction_rows_include_all_hrgv_diagnostics) ... ok
test_risk_metrics_measure_target_recall_and_both_intrusions (test_train_hrgv_mineral_classifier.HRGVArtifactTests.test_risk_metrics_measure_target_recall_and_both_intrusions) ... ok
test_cli_accepts_the_resnet50_portability_backbone (test_train_hrgv_mineral_classifier.HRGVTrainingConfigurationTests.test_cli_accepts_the_resnet50_portability_backbone) ... ok
test_cli_can_restore_coupled_verifier_gradients_for_ablation (test_train_hrgv_mineral_classifier.HRGVTrainingConfigurationTests.test_cli_can_restore_coupled_verifier_gradients_for_ablation) ... ok
test_cli_defaults_match_the_network_specification (test_train_hrgv_mineral_classifier.HRGVTrainingConfigurationTests.test_cli_defaults_match_the_network_specification) ... ok
test_cli_exposes_cgdc_ablation_switches (test_train_hrgv_mineral_classifier.HRGVTrainingConfigurationTests.test_cli_exposes_cgdc_ablation_switches) ... ok
test_cli_exposes_mrpg_switch_and_rejects_rpg_combination (test_train_hrgv_mineral_classifier.HRGVTrainingConfigurationTests.test_cli_exposes_mrpg_switch_and_rejects_rpg_combination) ... ok
test_cli_exposes_phr_switches_and_rejects_incompatible_modules (test_train_hrgv_mineral_classifier.HRGVTrainingConfigurationTests.test_cli_exposes_phr_switches_and_rejects_incompatible_modules) ... ok
test_cli_exposes_rpg_switch_and_rejects_cgdc_combination (test_train_hrgv_mineral_classifier.HRGVTrainingConfigurationTests.test_cli_exposes_rpg_switch_and_rejects_cgdc_combination) ... ok
test_evaluation_loss_fields_follow_the_evaluated_split (test_train_hrgv_mineral_classifier.HRGVTrainingConfigurationTests.test_evaluation_loss_fields_follow_the_evaluated_split) ... ok
test_validation_rejects_invalid_residual_parameters (test_train_hrgv_mineral_classifier.HRGVTrainingConfigurationTests.test_validation_rejects_invalid_residual_parameters) ... ok
test_validation_rejects_negative_weights_and_invalid_fixed_gate (test_train_hrgv_mineral_classifier.HRGVTrainingConfigurationTests.test_validation_rejects_negative_weights_and_invalid_fixed_gate) ... ok
test_inverse_frequency_weights_upweight_small_classes (test_train_mineral_classifier.ClassWeightTests.test_inverse_frequency_weights_upweight_small_classes) ... ok
test_auto_uses_cpu_when_cuda_is_unavailable (test_train_mineral_classifier.DeviceSelectionTests.test_auto_uses_cpu_when_cuda_is_unavailable) ... ok
test_auto_uses_cuda_when_available (test_train_mineral_classifier.DeviceSelectionTests.test_auto_uses_cuda_when_available) ... ok
test_explicit_device_is_preserved (test_train_mineral_classifier.DeviceSelectionTests.test_explicit_device_is_preserved) ... ok
test_gamma_zero_matches_weighted_cross_entropy (test_train_mineral_classifier.FocalLossTests.test_gamma_zero_matches_weighted_cross_entropy) ... ok
test_loads_existing_records_without_changing_fixed_split (test_train_mineral_classifier.ManifestLoadingTests.test_loads_existing_records_without_changing_fixed_split) ... ok
test_rejects_unexpected_class_mapping (test_train_mineral_classifier.ManifestLoadingTests.test_rejects_unexpected_class_mapping) ... ok
test_configures_project_local_torch_cache (test_train_mineral_classifier.TorchHomeTests.test_configures_project_local_torch_cache) ... ok
test_certificate_rows_use_only_certified_seeds (test_update_formal_report_v2.UpdateFormalReportV2Tests.test_certificate_rows_use_only_certified_seeds) ... ok
test_appends_backbone_portability_evidence_with_claim_boundary (test_update_formal_report_v9.FormalReportV9EvidenceTests.test_appends_backbone_portability_evidence_with_claim_boundary) ... ok
test_appends_backbone_replay_consistency_once (test_update_formal_report_v9.FormalReportV9EvidenceTests.test_appends_backbone_replay_consistency_once) ... ok
test_appends_cgdc_appendix_once_with_architecture_and_boundaries (test_update_formal_report_v9.FormalReportV9EvidenceTests.test_appends_cgdc_appendix_once_with_architecture_and_boundaries) ... ok
test_appends_exact_regret_curve_once_with_formula_boundary (test_update_formal_report_v9.FormalReportV9EvidenceTests.test_appends_exact_regret_curve_once_with_formula_boundary) ... ok
test_appends_expert_complementarity_diagnostic_once (test_update_formal_report_v9.FormalReportV9EvidenceTests.test_appends_expert_complementarity_diagnostic_once) ... ok
test_appends_five_seed_extension_appendix_once (test_update_formal_report_v9.FormalReportV9EvidenceTests.test_appends_five_seed_extension_appendix_once) ... ok
test_appends_gate_reliability_diagnosis_once (test_update_formal_report_v9.FormalReportV9EvidenceTests.test_appends_gate_reliability_diagnosis_once) ... ok
test_appends_mrpg_appendix_with_normalization_and_monotonicity (test_update_formal_report_v9.FormalReportV9EvidenceTests.test_appends_mrpg_appendix_with_normalization_and_monotonicity) ... ok
test_appends_rpg_appendix_after_cgdc_without_duplication (test_update_formal_report_v9.FormalReportV9EvidenceTests.test_appends_rpg_appendix_after_cgdc_without_duplication) ... ok
test_appends_rsg_theory_evidence_figure_once_with_claim_boundary (test_update_formal_report_v9.FormalReportV9EvidenceTests.test_appends_rsg_theory_evidence_figure_once_with_claim_boundary) ... ok
test_embeds_rendered_cgdc_formula_bundle (test_update_formal_report_v9.FormalReportV9EvidenceTests.test_embeds_rendered_cgdc_formula_bundle) ... ok
test_requires_all_formal_configurations_and_three_seeds (test_update_formal_report_v9.FormalReportV9EvidenceTests.test_requires_all_formal_configurations_and_three_seeds) ... ok
test_updates_main_contribution_with_rsg_theory_and_mrpg_boundary (test_update_formal_report_v9.FormalReportV9EvidenceTests.test_updates_main_contribution_with_rsg_theory_and_mrpg_boundary) ... ok
test_appends_nonpromotion_result_once (test_update_phr_screen_result_report.PHRScreenResultReportTests.test_appends_nonpromotion_result_once) ... ok
test_explicit_validation_only_accepts_missing_test (test_validation_only_split_contract.ValidationOnlyTests.test_explicit_validation_only_accepts_missing_test) ... ok
test_loader_does_not_construct_test_dataset (test_validation_only_split_contract.ValidationOnlyTests.test_loader_does_not_construct_test_dataset) ... ok
test_free_strength_has_gradient_and_batch_independent_output (test_verifier_risk.VerifierRiskTests.test_free_strength_has_gradient_and_batch_independent_output) ... ok
test_invalid_simplex_endpoints_dtype_and_strength_rejected (test_verifier_risk.VerifierRiskTests.test_invalid_simplex_endpoints_dtype_and_strength_rejected) ... ok
test_projection_clips_both_endpoints_and_keeps_interior (test_verifier_risk.VerifierRiskTests.test_projection_clips_both_endpoints_and_keeps_interior) ... ok
test_regret_is_nonnegative_and_bounded_by_bernoulli_kl (test_verifier_risk.VerifierRiskTests.test_regret_is_nonnegative_and_bounded_by_bernoulli_kl) ... ok
test_scalar_optimum_finds_interior_and_both_boundaries (test_verifier_risk.VerifierRiskTests.test_scalar_optimum_finds_interior_and_both_boundaries) ... ok
test_strength_endpoints_and_non_target_ratios (test_verifier_risk.VerifierRiskTests.test_strength_endpoints_and_non_target_ratios) ... ok
test_zero_contradiction_is_identity_with_finite_gradients (test_verifier_risk.VerifierRiskTests.test_zero_contradiction_is_identity_with_finite_gradients) ... ok
test_clip_and_raw_loss_score_gradients_distinguish_saturated_plateau (test_verifier_strong_controls.StrongControlTests.test_clip_and_raw_loss_score_gradients_distinguish_saturated_plateau) ... ok
test_complete_delivery_replays_training_and_rejects_tampered_predictions (test_verifier_strong_controls.StrongControlTests.test_complete_delivery_replays_training_and_rejects_tampered_predictions) ... {
  "protocol_version": "tc_oos_rsg_v1",
  "status": "pre_registered_before_model_execution",
  "source_partition": "C:\\Users\\bob\\AppData\\Local\\Temp\\tmp3xqhfn3x\\source.csv",
  "source_partition_sha256": "92cedc72047948ec91e247194d8398d575b448758ce1d0eb967f735cd56cc81c",
  "protocol_document": "C:\\Users\\bob\\AppData\\Local\\Temp\\tmp3xqhfn3x\\protocol.md",
  "protocol_document_sha256": "7dbc0be8b4f4f39202795c033c79503dc346142f709ed9d42d621a2f18b153ed",
  "design_specification": "D:\\成信工科研\\人工智能选矿\\.worktrees\\theory-aware-report\\docs\\superpowers\\specs\\2026-09-27-tc-oos-rsg-design.md",
  "design_specification_sha256": "f7d6855ad5d00b7e9f052a3cd59713f2b1ec96bfb45622b62c7e363e10614ad6",
  "builder_script_sha256": "085712c11a8d0e4be9c1e5275e716b77e03466ee962fd3ed40a7d37817a88963",
  "outer_seed": 20260927,
  "inner_seeds": {
    "fold_0": 20260927,
    "fold_1": 20260928,
    "fold_2": 20260929
  },
  "fold_count": 3,
  "inner_subset_fractions": {
    "expert_fit": 0.6,
    "expert_stop": 0.1,
    "gate_fit": 0.1,
    "gate_stop_projector_fit": 0.1,
    "projector_stop": 0.1
  },
  "epsilon_target_grid": [
    0.0,
    0.005,
    0.01,
    0.02,
    0.04,
    0.08
  ],
  "selection_rule": [
    "target recall decrease versus q0 must be no more than 0.01",
    "among feasible candidates choose minimum NLL",
    "break NLL ties with smaller epsilon_target",
    "if no candidate is feasible select explicit q0 fallback"
  ],
  "primary_metrics": [
    "NLL",
    "target_recall",
    "ti_intrusion_to_target",
    "metallic_intrusion_to_target"
  ],
  "secondary_metrics": [
    "accuracy",
    "macro_f1",
    "ECE",
    "complexity"
  ],
  "bootstrap": {
    "iterations": 10000,
    "unit": "split_group_id",
    "paired": true,
    "seed": 20260927
  },
  "promotion_criteria": [
    "upper endpoint of paired NLL difference 95% CI is below zero",
    "one-sided target-recall noninferiority lower bound is at least -0.01",
    "zero deterministic target-posterior safety violations",
    "at least one hard-negative intrusion improves and the other worsens by no more than 0.01",
    "at least two folds have favorable NLL and no single fold drives the result"
  ],
  "titanomagnetite_count_definitions": {
    "raw_collected": 35,
    "formal_dataset_after_audit": 23,
    "new_development_pool": 13
  },
  "spent_subset": "final_eval",
  "development_row_count": 60,
  "spent_final_eval_row_count": 1,
  "manifest_row_counts": {
    "partition.csv": 60,
    "fold_0/outer_eval.csv": 20,
    "fold_0/expert_fit.csv": 24,
    "fold_0/expert_stop.csv": 4,
    "fold_0/gate_fit.csv": 4,
    "fold_0/gate_stop_projector_fit.csv": 4,
    "fold_0/projector_stop.csv": 4,
    "fold_1/outer_eval.csv": 20,
    "fold_1/expert_fit.csv": 24,
    "fold_1/expert_stop.csv": 4,
    "fold_1/gate_fit.csv": 4,
    "fold_1/gate_stop_projector_fit.csv": 4,
    "fold_1/projector_stop.csv": 4,
    "fold_2/outer_eval.csv": 20,
    "fold_2/expert_fit.csv": 24,
    "fold_2/expert_stop.csv": 4,
    "fold_2/gate_fit.csv": 4,
    "fold_2/gate_stop_projector_fit.csv": 4,
    "fold_2/projector_stop.csv": 4
  },
  "manifest_sha256": {
    "partition.csv": "14bdd55ec902d154d1deaf8822e8d639f1b9fd130082f235783374ffedbfb161",
    "fold_0/outer_eval.csv": "51c96c527f570c145cc8770de772ec4c267a09f70984ea90be5c6f28dfe372b7",
    "fold_0/expert_fit.csv": "9c78ff2c75efbde43ea849e41bcc062a96e59820d4bf8778073e722ffa10b296",
    "fold_0/expert_stop.csv": "6f5329ba6764203dca250945b3e8c1623535dbf65a07d079a75ba7a608cbb18d",
    "fold_0/gate_fit.csv": "4cb94c18838b08474b1ea3332662bad414de1c93f22122615b1dad2b7ec0b0f0",
    "fold_0/gate_stop_projector_fit.csv": "268e355766a37da460645335058853f0b21baec97044152beecbdfa3e192f251",
    "fold_0/projector_stop.csv": "e8936a2b64700061147c9055c7f90573a1cb4ce82ff72a490fcd120d0ba06c7a",
    "fold_1/outer_eval.csv": "fb9cf458b10501347dbc43e820930d5cadd570b1ad871d9143f28574c0f65bee",
    "fold_1/expert_fit.csv": "c3315cffc82ffcb2b0bda186530947a9f69919dd6a1a04d531abd931ddc23571",
    "fold_1/expert_stop.csv": "6f39f98f3a1dc696240330e153885ac87f57ecac5572c6ce3cd2672e918a5935",
    "fold_1/gate_fit.csv": "df72ab41433379e71f858a7052bc6268e4d6035b90211a00fd16d043847a5a1b",
    "fold_1/gate_stop_projector_fit.csv": "27fd91c7f61cec12c4398e703598996684805ec3f1cd181b1536a99a1c4eb52d",
    "fold_1/projector_stop.csv": "563c76f5a9629ceb1b22fd3924e286842d7e0fa313891b0f490cf4580c13ccc2",
    "fold_2/outer_eval.csv": "3d8470b6fbe9a09aa4be66cb68ff17b1b261d6671df4e8a4bf061e3c8dd19a5e",
    "fold_2/expert_fit.csv": "381e8699a4fbc1652ff1ee9e834d0c356aaa20a043ce51ed7e09e5d5ad66ced8",
    "fold_2/expert_stop.csv": "eff317a4af88b7f65755191108ccbe7748c02919b3a334686e1b43779191cc4b",
    "fold_2/gate_fit.csv": "75102f5ec16937f084916daf4e5dfa46dc28553c0f332d4247cbac4042d6fbba",
    "fold_2/gate_stop_projector_fit.csv": "b802668c39dc6e2c4574d251eefe7ec046d05283dde5cea7af1385ba25698c1f",
    "fold_2/projector_stop.csv": "b35c41a8f85e08a98005e36876dc29b593d5bd0f119389cada88bb3b4447c83c"
  }
}
A3 seed=17 epoch=2 stop_NLL=1.602107 gate=False
A4 seed=17 epoch=1 stop_NLL=1.537064 gate=False
T0 stop_NLL=1.386294361
D0 stop_NLL=1.386294382
M0 seed=17 epoch=2 stop_NLL=1.687999146
P0 seed=17 epoch=1 stop_NLL=1.537064123
P1 seed=17 epoch=1 stop_NLL=1.537064123
ok
test_dirichlet_fit_changes_boundaries_and_checks_stationarity (test_verifier_strong_controls.StrongControlTests.test_dirichlet_fit_changes_boundaries_and_checks_stationarity) ... ok
test_forbidden_fold_or_extra_arm_rejected_before_loading_inputs (test_verifier_strong_controls.StrongControlTests.test_forbidden_fold_or_extra_arm_rejected_before_loading_inputs) ... ok
test_global_temperature_finds_known_convex_interior_and_boundaries (test_verifier_strong_controls.StrongControlTests.test_global_temperature_finds_known_convex_interior_and_boundaries) ... ok
test_heads_share_initialization_and_temperature_has_same_parameter_budget (test_verifier_strong_controls.StrongControlTests.test_heads_share_initialization_and_temperature_has_same_parameter_budget) ... ok
test_output_overwrite_refused_before_source_access (test_verifier_strong_controls.StrongControlTests.test_output_overwrite_refused_before_source_access) ... ok
test_probability_validation_rejects_nonfinite_or_invalid_labels (test_verifier_strong_controls.StrongControlTests.test_probability_validation_rejects_nonfinite_or_invalid_labels) ... ok
test_temperature_identity_and_positive_scaling_preserve_ranking (test_verifier_strong_controls.StrongControlTests.test_temperature_identity_and_positive_scaling_preserve_ranking) ... ok
test_training_reproducible_with_nonzero_bce_and_temperature_gradients (test_verifier_strong_controls.StrongControlTests.test_training_reproducible_with_nonzero_bce_and_temperature_gradients) ... ok
test_complete_experiment_preserves_sources_and_delivers_every_arm_and_checkpoint (test_verifier_trust_development.DevelopmentTests.test_complete_experiment_preserves_sources_and_delivers_every_arm_and_checkpoint) ... A3 seed=17 epoch=2 stop_NLL=1.602107 gate=False
A4 seed=17 epoch=1 stop_NLL=1.537064 gate=False
ok
test_empty_or_duplicate_seeds_refused_before_source_access (test_verifier_trust_development.DevelopmentTests.test_empty_or_duplicate_seeds_refused_before_source_access) ... ok
test_existing_output_refused_before_any_source_access (test_verifier_trust_development.DevelopmentTests.test_existing_output_refused_before_any_source_access) ... ok
test_gate_uses_strongest_controls_and_rejects_constant_or_increased_intrusion (test_verifier_trust_development.DevelopmentTests.test_gate_uses_strongest_controls_and_rejects_constant_or_increased_intrusion) ... ok
test_loader_aligns_probabilities_labels_and_inference_only_evidence (test_verifier_trust_development.DevelopmentTests.test_loader_aligns_probabilities_labels_and_inference_only_evidence) ... ok
test_loader_refuses_changed_hash_and_other_fold (test_verifier_trust_development.DevelopmentTests.test_loader_refuses_changed_hash_and_other_fold) ... ok
test_loader_refuses_misaligned_labels_even_if_file_hash_registered (test_verifier_trust_development.DevelopmentTests.test_loader_refuses_misaligned_labels_even_if_file_hash_registered) ... ok
test_loader_replays_frozen_branch_geometry_not_just_hashes (test_verifier_trust_development.DevelopmentTests.test_loader_replays_frozen_branch_geometry_not_just_hashes) ... ok
test_training_changes_weights_and_selects_earliest_minimum_stop_nll (test_verifier_trust_development.DevelopmentTests.test_training_changes_weights_and_selects_earliest_minimum_stop_nll) ... ok
test_training_reproducible_and_invalid_mode_or_budget_refused (test_verifier_trust_development.DevelopmentTests.test_training_reproducible_and_invalid_mode_or_budget_refused) ... ok
test_exact_scale_boundary_preserves_normalised_target_margin (test_verify_abmp_candidate_geometry.GeometryPropertyTests.test_exact_scale_boundary_preserves_normalised_target_margin) ... ok
test_infeasible_nontarget_and_zero_target_have_finite_certificate (test_verify_abmp_candidate_geometry.GeometryPropertyTests.test_infeasible_nontarget_and_zero_target_have_finite_certificate) ... ok
test_random_geometry_has_no_constraint_violations (test_verify_abmp_candidate_geometry.GeometryPropertyTests.test_random_geometry_has_no_constraint_violations) ... ok
test_effective_gate_reconstructs_inactive_base_margin (test_verify_phr_theory.PHRTheoryVerificationTests.test_effective_gate_reconstructs_inactive_base_margin) ... ok
test_invalid_sample_count_is_rejected (test_verify_phr_theory.PHRTheoryVerificationTests.test_invalid_sample_count_is_rejected) ... ok
test_seeded_numerical_checks_and_counterexample (test_verify_phr_theory.PHRTheoryVerificationTests.test_seeded_numerical_checks_and_counterexample) ... ok
test_ti_only_mask_removes_metallic_edge_from_diagnostics (test_verify_phr_theory.PHRTheoryVerificationTests.test_ti_only_mask_removes_metallic_edge_from_diagnostics) ... ok
test_table_replay_checks_values_and_identity_not_only_row_count (test_verify_verifier_trust_delivery.DeliveryTests.test_table_replay_checks_values_and_identity_not_only_row_count) ... ok

----------------------------------------------------------------------
Ran 508 tests in 139.575s

OK
