test_ac_disconnected_initially_starts_no_worker (test_check_lc_native_environment.NativeAcceptanceTests.test_ac_disconnected_initially_starts_no_worker) ... ok
test_ac_loss_mid_worker_aborts_and_releases (test_check_lc_native_environment.NativeAcceptanceTests.test_ac_loss_mid_worker_aborts_and_releases) ... ok
test_changed_registered_source_rejected_before_native_api (test_check_lc_native_environment.NativeAcceptanceTests.test_changed_registered_source_rejected_before_native_api) ... ok
test_complete_idle_and_timeout_cleanup_release_request (test_check_lc_native_environment.NativeAcceptanceTests.test_complete_idle_and_timeout_cleanup_release_request) ... ok
test_draft_changed_budget_or_unapproved_scope_rejected (test_check_lc_native_environment.NativeAcceptanceTests.test_draft_changed_budget_or_unapproved_scope_rejected) ... ok
test_exhausted_cumulative_budget_starts_no_second_worker (test_check_lc_native_environment.NativeAcceptanceTests.test_exhausted_cumulative_budget_starts_no_second_worker) ... ok
test_existing_output_never_resumes_or_retries (test_check_lc_native_environment.NativeAcceptanceTests.test_existing_output_never_resumes_or_retries) ... ok
test_long_incomplete_duration_stops_before_short_job (test_check_lc_native_environment.NativeAcceptanceTests.test_long_incomplete_duration_stops_before_short_job) ... ok
test_long_missing_attempt_stops_before_short_job (test_check_lc_native_environment.NativeAcceptanceTests.test_long_missing_attempt_stops_before_short_job) ... ok
test_long_missing_exit_stops_before_short_job (test_check_lc_native_environment.NativeAcceptanceTests.test_long_missing_exit_stops_before_short_job) ... ok
test_long_unreaped_child_stops_before_short_job (test_check_lc_native_environment.NativeAcceptanceTests.test_long_unreaped_child_stops_before_short_job) ... ok
test_long_unreleased_request_stops_before_short_job (test_check_lc_native_environment.NativeAcceptanceTests.test_long_unreleased_request_stops_before_short_job) ... ok
test_long_worker_failure_stops_before_short_job (test_check_lc_native_environment.NativeAcceptanceTests.test_long_worker_failure_stops_before_short_job) ... ok
test_no_execute_flag_cannot_create_output_or_power_request (test_check_lc_native_environment.NativeAcceptanceTests.test_no_execute_flag_cannot_create_output_or_power_request) ... ok
test_power_setting_change_cannot_pass (test_check_lc_native_environment.NativeAcceptanceTests.test_power_setting_change_cannot_pass) ... ok
test_recent_input_is_inconclusive_not_pass_or_retry (test_check_lc_native_environment.NativeAcceptanceTests.test_recent_input_is_inconclusive_not_pass_or_retry) ... ok
test_remote_failure_does_not_request_power_or_start_worker (test_check_lc_native_environment.NativeAcceptanceTests.test_remote_failure_does_not_request_power_or_start_worker) ... ok
test_remote_protocol_and_source_bytes_must_match (test_check_lc_native_environment.NativeAcceptanceTests.test_remote_protocol_and_source_bytes_must_match) ... ok
test_settings_change_or_release_failure_cannot_pass (test_check_lc_native_environment.NativeAcceptanceTests.test_settings_change_or_release_failure_cannot_pass) ... ok
test_short_child_must_time_out_and_be_reaped (test_check_lc_native_environment.NativeAcceptanceTests.test_short_child_must_time_out_and_be_reaped) ... ok
test_source_changed_during_remote_preflight_cannot_start_native (test_check_lc_native_environment.NativeAcceptanceTests.test_source_changed_during_remote_preflight_cannot_start_native) ... FAIL
test_supervision_gap_during_release_cannot_pass (test_check_lc_native_environment.NativeAcceptanceTests.test_supervision_gap_during_release_cannot_pass) ... FAIL
test_bridge_reads_ac_session_idle_wrap_and_settings_without_writes (test_check_lc_native_environment.NativeBridgeTests.test_bridge_reads_ac_session_idle_wrap_and_settings_without_writes) ... ok
test_native_read_errors_fail_closed_and_free_scheme (test_check_lc_native_environment.NativeBridgeTests.test_native_read_errors_fail_closed_and_free_scheme) ... ok
test_power_monitor_fails_on_unknown_or_battery_only_ac (test_check_lc_native_environment.NativeBridgeTests.test_power_monitor_fails_on_unknown_or_battery_only_ac) ... ok

======================================================================
FAIL: test_source_changed_during_remote_preflight_cannot_start_native (test_check_lc_native_environment.NativeAcceptanceTests.test_source_changed_during_remote_preflight_cannot_start_native)
----------------------------------------------------------------------
Traceback (most recent call last):
  File "D:\成信工科研\人工智能选矿\.worktrees\theory-aware-report\tests\test_check_lc_native_environment.py", line 151, in test_source_changed_during_remote_preflight_cannot_start_native
    with self.assertRaisesRegex(ValueError, "source"):
AssertionError: ValueError not raised

======================================================================
FAIL: test_supervision_gap_during_release_cannot_pass (test_check_lc_native_environment.NativeAcceptanceTests.test_supervision_gap_during_release_cannot_pass)
----------------------------------------------------------------------
Traceback (most recent call last):
  File "D:\成信工科研\人工智能选矿\.worktrees\theory-aware-report\tests\test_check_lc_native_environment.py", line 262, in test_supervision_gap_during_release_cannot_pass
    self.assertEqual(result["status"], "FAILED_NATIVE_ACCEPTANCE")
AssertionError: 'PASS_NATIVE_ACCEPTANCE' != 'FAILED_NATIVE_ACCEPTANCE'
- PASS_NATIVE_ACCEPTANCE
? ^ ^^
+ FAILED_NATIVE_ACCEPTANCE
? ^ ^^^^


----------------------------------------------------------------------
Ran 25 tests in 0.303s

FAILED (failures=2)
