epoch=1 train_loss=3.3576 val_loss=2.4042 val_macro_f1=0.6440 val_gate=0.5585
epoch=2 train_loss=2.6342 val_loss=2.0599 val_macro_f1=0.6983 val_gate=0.4811
epoch=3 train_loss=2.1988 val_loss=2.1092 val_macro_f1=0.6608 val_gate=0.5034
epoch=4 train_loss=1.8829 val_loss=1.9846 val_macro_f1=0.7050 val_gate=0.4643
epoch=5 train_loss=1.6854 val_loss=1.8739 val_macro_f1=0.7323 val_gate=0.4439
epoch=6 train_loss=1.4721 val_loss=1.9634 val_macro_f1=0.7217 val_gate=0.4561
epoch=7 train_loss=1.3476 val_loss=1.9312 val_macro_f1=0.7261 val_gate=0.4420
epoch=8 train_loss=1.1902 val_loss=2.0508 val_macro_f1=0.7092 val_gate=0.4773
epoch=9 train_loss=1.0479 val_loss=2.0992 val_macro_f1=0.7153 val_gate=0.4507
epoch=10 train_loss=0.8767 val_loss=2.0543 val_macro_f1=0.7349 val_gate=0.4713
epoch=11 train_loss=0.8236 val_loss=2.0878 val_macro_f1=0.7324 val_gate=0.4535
epoch=12 train_loss=0.7763 val_loss=2.1368 val_macro_f1=0.7415 val_gate=0.4356
epoch=13 train_loss=0.7183 val_loss=2.1388 val_macro_f1=0.7251 val_gate=0.4256
epoch=14 train_loss=0.6766 val_loss=2.1049 val_macro_f1=0.7350 val_gate=0.4668
epoch=15 train_loss=0.6499 val_loss=2.1104 val_macro_f1=0.7437 val_gate=0.4239
epoch=16 train_loss=0.6142 val_loss=2.1266 val_macro_f1=0.7364 val_gate=0.4583
epoch=17 train_loss=0.5850 val_loss=2.1941 val_macro_f1=0.7331 val_gate=0.4640
epoch=18 train_loss=0.5693 val_loss=2.1712 val_macro_f1=0.7328 val_gate=0.4502
epoch=19 train_loss=0.5411 val_loss=2.2827 val_macro_f1=0.7290 val_gate=0.4832
epoch=20 train_loss=0.4897 val_loss=2.2665 val_macro_f1=0.7203 val_gate=0.4374
epoch=21 train_loss=0.4736 val_loss=2.2051 val_macro_f1=0.7403 val_gate=0.4479
epoch=22 train_loss=0.4924 val_loss=2.2428 val_macro_f1=0.7305 val_gate=0.4476
epoch=23 train_loss=0.4581 val_loss=2.1541 val_macro_f1=0.7485 val_gate=0.4560
epoch=24 train_loss=0.4404 val_loss=2.2677 val_macro_f1=0.7327 val_gate=0.4577
epoch=25 train_loss=0.4229 val_loss=2.3296 val_macro_f1=0.7324 val_gate=0.4724
epoch=26 train_loss=0.4140 val_loss=2.2832 val_macro_f1=0.7356 val_gate=0.4447
epoch=27 train_loss=0.4002 val_loss=2.2906 val_macro_f1=0.7224 val_gate=0.4504
epoch=28 train_loss=0.3930 val_loss=2.3068 val_macro_f1=0.7286 val_gate=0.4478
epoch=29 train_loss=0.3990 val_loss=2.3534 val_macro_f1=0.7296 val_gate=0.4373
epoch=30 train_loss=0.3599 val_loss=2.2961 val_macro_f1=0.7446 val_gate=0.4560
{
  "output_dir": "outputs\\training\\phr_hrgv_screen_v2\\rsg_reference\\seed20260728",
  "accuracy": 0.7663551401869159,
  "macro_precision": 0.7526832236290458,
  "macro_recall": 0.7456786695281262,
  "macro_f1": 0.7484640352746785,
  "class_recall": {
    "target_mineral": 0.736,
    "ti_bearing_negative": 0.8040816326530612,
    "gangue_negative": 0.7929155313351499,
    "metallic_hard_negative": 0.6497175141242938
  },
  "confusion_matrix": [
    [
      184,
      30,
      18,
      18
    ],
    [
      45,
      394,
      32,
      19
    ],
    [
      19,
      49,
      291,
      8
    ],
    [
      20,
      27,
      15,
      115
    ]
  ],
  "target_recall": 0.736,
  "target_miss_rate": 0.264,
  "ti_to_target_intrusion_rate": 0.09183673469387756,
  "metallic_to_target_intrusion_rate": 0.11299435028248588,
  "brier_score": 0.3656336086882938,
  "expected_calibration_error": 0.12266503074830189,
  "val_loss": 2.154115916134041,
  "val_final_role_loss": 0.8448812834152551,
  "val_direct_role_loss": 0.8771024946111756,
  "val_species_loss": 1.5758870007742973,
  "val_consistency_loss": 0.041852691515444594,
  "val_ti_verifier_loss": 0.2576349876905179,
  "val_metallic_verifier_loss": 0.1986657323495621,
  "val_verifier_loss": 0.4563007226403849,
  "val_contrast_loss": 0.0,
  "val_gate_regret_loss": 0.6967987063517823,
  "val_decomposition_loss": 0.0,
  "val_calibration_loss": 0.809172505507031,
  "val_phr_ti_gate_loss": 0.0,
  "val_phr_metallic_gate_loss": 0.0,
  "val_phr_pairwise_regret_loss": 0.0,
  "species_accuracy": 0.6020249221183801,
  "ti_verifier_subset_accuracy": 0.8621621621621621,
  "metallic_verifier_subset_accuracy": 0.8454332552693209,
  "mean_gate": 0.45596172869484003,
  "mean_expert_js_divergence": 0.009768161183545628,
  "mean_total_species_entropy": 0.0,
  "mean_between_role_entropy": 0.0,
  "mean_within_role_entropy": 0.0,
  "mean_within_capacity": 0.0,
  "mean_normalized_between_role_entropy": 0.0,
  "mean_normalized_within_role_entropy": 0.0,
  "mean_mrpg_between_coefficient": 0.0,
  "gate_selection_accuracy": 0.572429906542056,
  "one_right_gate_selection_accuracy": 0.5555555555555556,
  "mean_routing_regret_nll": 0.08300160177089919,
  "mean_weighted_gate_error": 0.023291168966168736,
  "phr_ti_eligible_count": 740,
  "phr_ti_gate_selection_accuracy": 0.34054054054054056,
  "phr_ti_mean_margin_regret": 0.4187289921013085,
  "phr_ti_mean_weighted_gate_error": 0.41872898561038735,
  "phr_ti_sign_agreement_count": 717,
  "phr_ti_sign_preservation_rate": 1.0,
  "phr_metallic_eligible_count": 427,
  "phr_metallic_gate_selection_accuracy": 0.297423887587822,
  "phr_metallic_mean_margin_regret": 0.6373872688559236,
  "phr_metallic_mean_weighted_gate_error": 0.6373872765390195,
  "phr_metallic_sign_agreement_count": 415,
  "phr_metallic_sign_preservation_rate": 1.0,
  "best_val_macro_f1": 0.7484640352746785
}
