epoch=1 train_loss=3.4743 val_loss=2.4788 val_macro_f1=0.6219 val_gate=0.5363
epoch=2 train_loss=2.7327 val_loss=2.2162 val_macro_f1=0.6713 val_gate=0.4735
epoch=3 train_loss=2.3281 val_loss=2.0283 val_macro_f1=0.6952 val_gate=0.4778
epoch=4 train_loss=2.0322 val_loss=2.0366 val_macro_f1=0.6947 val_gate=0.4601
epoch=5 train_loss=1.7773 val_loss=2.1298 val_macro_f1=0.6780 val_gate=0.4474
epoch=6 train_loss=1.5594 val_loss=2.0241 val_macro_f1=0.7087 val_gate=0.4533
epoch=7 train_loss=1.3831 val_loss=2.0766 val_macro_f1=0.7149 val_gate=0.4524
epoch=8 train_loss=1.2487 val_loss=2.1567 val_macro_f1=0.7274 val_gate=0.4264
epoch=9 train_loss=1.1483 val_loss=2.1655 val_macro_f1=0.7190 val_gate=0.4525
epoch=10 train_loss=1.0423 val_loss=2.1190 val_macro_f1=0.7283 val_gate=0.4389
epoch=11 train_loss=0.9490 val_loss=2.2453 val_macro_f1=0.7102 val_gate=0.4217
epoch=12 train_loss=0.8511 val_loss=2.1820 val_macro_f1=0.7359 val_gate=0.4355
epoch=13 train_loss=0.8270 val_loss=2.3580 val_macro_f1=0.7268 val_gate=0.4672
epoch=14 train_loss=0.7471 val_loss=2.2283 val_macro_f1=0.7423 val_gate=0.4484
epoch=15 train_loss=0.7117 val_loss=2.2578 val_macro_f1=0.7143 val_gate=0.4316
epoch=16 train_loss=0.6618 val_loss=2.4681 val_macro_f1=0.7160 val_gate=0.4759
epoch=17 train_loss=0.6633 val_loss=2.2632 val_macro_f1=0.7344 val_gate=0.4553
epoch=18 train_loss=0.5719 val_loss=2.5399 val_macro_f1=0.7202 val_gate=0.4447
epoch=19 train_loss=0.5256 val_loss=2.3586 val_macro_f1=0.7347 val_gate=0.4388
epoch=20 train_loss=0.4967 val_loss=2.3398 val_macro_f1=0.7402 val_gate=0.4246
epoch=21 train_loss=0.4713 val_loss=2.4805 val_macro_f1=0.7353 val_gate=0.4258
epoch=22 train_loss=0.4555 val_loss=2.5285 val_macro_f1=0.7462 val_gate=0.4449
epoch=23 train_loss=0.4175 val_loss=2.4730 val_macro_f1=0.7441 val_gate=0.4559
epoch=24 train_loss=0.4214 val_loss=2.5477 val_macro_f1=0.7398 val_gate=0.4446
epoch=25 train_loss=0.4088 val_loss=2.5330 val_macro_f1=0.7334 val_gate=0.4427
epoch=26 train_loss=0.4063 val_loss=2.5968 val_macro_f1=0.7283 val_gate=0.4454
epoch=27 train_loss=0.3897 val_loss=2.4957 val_macro_f1=0.7337 val_gate=0.4579
epoch=28 train_loss=0.3509 val_loss=2.5012 val_macro_f1=0.7427 val_gate=0.4595
epoch=29 train_loss=0.3445 val_loss=2.5539 val_macro_f1=0.7283 val_gate=0.4622
epoch=30 train_loss=0.3357 val_loss=2.4977 val_macro_f1=0.7351 val_gate=0.4592
Early stopping at epoch 30.
{
  "output_dir": "outputs\\training\\phr_hrgv_screen_v2\\phr_unweighted\\seed20260728",
  "accuracy": 0.7554517133956387,
  "macro_precision": 0.7386799441455876,
  "macro_recall": 0.7601341675172817,
  "macro_f1": 0.7462102246813935,
  "class_recall": {
    "target_mineral": 0.716,
    "ti_bearing_negative": 0.7081632653061225,
    "gangue_negative": 0.8310626702997275,
    "metallic_hard_negative": 0.7853107344632768
  },
  "confusion_matrix": [
    [
      179,
      29,
      17,
      25
    ],
    [
      74,
      347,
      47,
      22
    ],
    [
      20,
      29,
      305,
      13
    ],
    [
      23,
      9,
      6,
      139
    ]
  ],
  "target_recall": 0.716,
  "target_miss_rate": 0.28400000000000003,
  "ti_to_target_intrusion_rate": 0.1510204081632653,
  "metallic_to_target_intrusion_rate": 0.12994350282485875,
  "brier_score": 0.4050765110069496,
  "expected_calibration_error": 0.14713059990112654,
  "val_loss": 2.5285067699408605,
  "val_final_role_loss": 0.9658475603641379,
  "val_direct_role_loss": 1.0094299061090404,
  "val_species_loss": 1.7808224419567074,
  "val_consistency_loss": 0.058880902867404473,
  "val_ti_verifier_loss": 0.35493988850282004,
  "val_metallic_verifier_loss": 0.23792735108891008,
  "val_verifier_loss": 0.5928672403344671,
  "val_contrast_loss": 0.0,
  "val_gate_regret_loss": 0.6941768640298338,
  "val_decomposition_loss": 0.0,
  "val_calibration_loss": 0.9233930800980497,
  "val_phr_ti_gate_loss": 0.28563818883301684,
  "val_phr_metallic_gate_loss": 0.1958729006419672,
  "val_phr_pairwise_regret_loss": 0.4815110909604581,
  "species_accuracy": 0.559190031152648,
  "ti_verifier_subset_accuracy": 0.8162162162162162,
  "metallic_verifier_subset_accuracy": 0.8360655737704918,
  "mean_gate": 0.44488044606515925,
  "mean_expert_js_divergence": 0.013436672978827904,
  "mean_total_species_entropy": 0.0,
  "mean_between_role_entropy": 0.0,
  "mean_within_role_entropy": 0.0,
  "mean_within_capacity": 0.0,
  "mean_normalized_between_role_entropy": 0.0,
  "mean_normalized_within_role_entropy": 0.0,
  "mean_mrpg_between_coefficient": 0.0,
  "gate_selection_accuracy": 0.6129283489096573,
  "one_right_gate_selection_accuracy": 0.6461538461538462,
  "mean_routing_regret_nll": 0.10054578718848604,
  "mean_weighted_gate_error": 0.027716398038695907,
  "phr_ti_eligible_count": 740,
  "phr_ti_gate_selection_accuracy": 0.7486486486486487,
  "phr_ti_mean_margin_regret": 0.22815142002057384,
  "phr_ti_mean_weighted_gate_error": 0.22815140730814285,
  "phr_ti_sign_agreement_count": 713,
  "phr_ti_sign_preservation_rate": 1.0,
  "phr_metallic_eligible_count": 427,
  "phr_metallic_gate_selection_accuracy": 0.7494145199063232,
  "phr_metallic_mean_margin_regret": 0.26273754061105936,
  "phr_metallic_mean_weighted_gate_error": 0.2627375459754158,
  "phr_metallic_sign_agreement_count": 411,
  "phr_metallic_sign_preservation_rate": 1.0,
  "best_val_macro_f1": 0.7462102246813935
}
