epoch=1 train_loss=3.4080 val_loss=2.4546 val_macro_f1=0.6235 val_gate=0.5440
epoch=2 train_loss=2.6723 val_loss=2.1933 val_macro_f1=0.6711 val_gate=0.4735
epoch=3 train_loss=2.2724 val_loss=2.0078 val_macro_f1=0.6876 val_gate=0.4835
epoch=4 train_loss=1.9806 val_loss=2.0155 val_macro_f1=0.6934 val_gate=0.4407
epoch=5 train_loss=1.7278 val_loss=2.1143 val_macro_f1=0.6776 val_gate=0.4200
epoch=6 train_loss=1.5143 val_loss=1.9968 val_macro_f1=0.7118 val_gate=0.4346
epoch=7 train_loss=1.3375 val_loss=2.0527 val_macro_f1=0.7127 val_gate=0.4383
epoch=8 train_loss=1.2077 val_loss=2.1228 val_macro_f1=0.7241 val_gate=0.4151
epoch=9 train_loss=1.1032 val_loss=2.1372 val_macro_f1=0.7187 val_gate=0.4541
epoch=10 train_loss=0.9976 val_loss=2.0954 val_macro_f1=0.7254 val_gate=0.4379
epoch=11 train_loss=0.9080 val_loss=2.2201 val_macro_f1=0.7143 val_gate=0.4154
epoch=12 train_loss=0.8126 val_loss=2.1532 val_macro_f1=0.7313 val_gate=0.4234
epoch=13 train_loss=0.7838 val_loss=2.3209 val_macro_f1=0.7289 val_gate=0.4485
epoch=14 train_loss=0.7068 val_loss=2.1837 val_macro_f1=0.7432 val_gate=0.4406
epoch=15 train_loss=0.6688 val_loss=2.2418 val_macro_f1=0.7141 val_gate=0.4235
epoch=16 train_loss=0.6162 val_loss=2.4631 val_macro_f1=0.7233 val_gate=0.4552
epoch=17 train_loss=0.6141 val_loss=2.2265 val_macro_f1=0.7323 val_gate=0.4500
epoch=18 train_loss=0.5397 val_loss=2.4540 val_macro_f1=0.7238 val_gate=0.4276
epoch=19 train_loss=0.4792 val_loss=2.3392 val_macro_f1=0.7392 val_gate=0.4298
epoch=20 train_loss=0.4563 val_loss=2.2909 val_macro_f1=0.7385 val_gate=0.4250
epoch=21 train_loss=0.4268 val_loss=2.4397 val_macro_f1=0.7300 val_gate=0.4237
epoch=22 train_loss=0.4189 val_loss=2.4580 val_macro_f1=0.7299 val_gate=0.4316
Early stopping at epoch 22.
{
  "output_dir": "outputs\\training\\phr_hrgv_screen_v2\\phr_ti_only\\seed20260728",
  "accuracy": 0.7601246105919003,
  "macro_precision": 0.7437413712651935,
  "macro_recall": 0.7436041317741708,
  "macro_f1": 0.7431869777595159,
  "class_recall": {
    "target_mineral": 0.696,
    "ti_bearing_negative": 0.7693877551020408,
    "gangue_negative": 0.8310626702997275,
    "metallic_hard_negative": 0.6779661016949152
  },
  "confusion_matrix": [
    [
      174,
      40,
      16,
      20
    ],
    [
      49,
      377,
      49,
      15
    ],
    [
      21,
      29,
      305,
      12
    ],
    [
      22,
      23,
      12,
      120
    ]
  ],
  "target_recall": 0.696,
  "target_miss_rate": 0.30400000000000005,
  "ti_to_target_intrusion_rate": 0.1,
  "metallic_to_target_intrusion_rate": 0.12429378531073447,
  "brier_score": 0.3728931776026173,
  "expected_calibration_error": 0.1256818533222252,
  "val_loss": 2.183669980998351,
  "val_final_role_loss": 0.8289200595965917,
  "val_direct_role_loss": 0.8771089106171488,
  "val_species_loss": 1.6006566198815437,
  "val_consistency_loss": 0.04866763246695386,
  "val_ti_verifier_loss": 0.2643988317566288,
  "val_metallic_verifier_loss": 0.20400896567468332,
  "val_verifier_loss": 0.4684077984591035,
  "val_contrast_loss": 0.0,
  "val_gate_regret_loss": 0.7081256711223044,
  "val_decomposition_loss": 0.0,
  "val_calibration_loss": 0.820965289280422,
  "val_phr_ti_gate_loss": 0.25261151818471533,
  "val_phr_metallic_gate_loss": 0.0,
  "val_phr_pairwise_regret_loss": 0.25261151818471533,
  "species_accuracy": 0.5716510903426791,
  "ti_verifier_subset_accuracy": 0.8513513513513513,
  "metallic_verifier_subset_accuracy": 0.8290398126463701,
  "mean_gate": 0.4405684265252957,
  "mean_expert_js_divergence": 0.011415722616741368,
  "mean_total_species_entropy": 0.0,
  "mean_between_role_entropy": 0.0,
  "mean_within_role_entropy": 0.0,
  "mean_within_capacity": 0.0,
  "mean_normalized_between_role_entropy": 0.0,
  "mean_normalized_within_role_entropy": 0.0,
  "mean_mrpg_between_coefficient": 0.0,
  "gate_selection_accuracy": 0.5973520249221184,
  "one_right_gate_selection_accuracy": 0.5285714285714286,
  "mean_routing_regret_nll": 0.08784583472729635,
  "mean_weighted_gate_error": 0.02720061714374978,
  "phr_ti_eligible_count": 740,
  "phr_ti_gate_selection_accuracy": 0.7837837837837838,
  "phr_ti_mean_margin_regret": 0.17955055145697818,
  "phr_ti_mean_weighted_gate_error": 0.17955055122980526,
  "phr_ti_sign_agreement_count": 707,
  "phr_ti_sign_preservation_rate": 1.0,
  "phr_metallic_eligible_count": 0,
  "phr_metallic_gate_selection_accuracy": NaN,
  "phr_metallic_mean_margin_regret": NaN,
  "phr_metallic_mean_weighted_gate_error": NaN,
  "phr_metallic_sign_agreement_count": 0,
  "phr_metallic_sign_preservation_rate": NaN,
  "best_val_macro_f1": 0.7431869777595159
}
