epoch=1 train_loss=3.4709 val_loss=2.4782 val_macro_f1=0.6231 val_gate=0.5351
epoch=2 train_loss=2.7249 val_loss=2.2124 val_macro_f1=0.6694 val_gate=0.4717
epoch=3 train_loss=2.3174 val_loss=2.0253 val_macro_f1=0.6934 val_gate=0.4761
epoch=4 train_loss=2.0204 val_loss=2.0321 val_macro_f1=0.6953 val_gate=0.4576
epoch=5 train_loss=1.7656 val_loss=2.1255 val_macro_f1=0.6802 val_gate=0.4438
epoch=6 train_loss=1.5449 val_loss=2.0204 val_macro_f1=0.7105 val_gate=0.4516
epoch=7 train_loss=1.3670 val_loss=2.0734 val_macro_f1=0.7174 val_gate=0.4520
epoch=8 train_loss=1.2355 val_loss=2.1539 val_macro_f1=0.7267 val_gate=0.4236
epoch=9 train_loss=1.1354 val_loss=2.1594 val_macro_f1=0.7186 val_gate=0.4462
epoch=10 train_loss=1.0283 val_loss=2.1140 val_macro_f1=0.7283 val_gate=0.4376
epoch=11 train_loss=0.9344 val_loss=2.2369 val_macro_f1=0.7122 val_gate=0.4156
epoch=12 train_loss=0.8383 val_loss=2.1791 val_macro_f1=0.7328 val_gate=0.4346
epoch=13 train_loss=0.8157 val_loss=2.3525 val_macro_f1=0.7279 val_gate=0.4678
epoch=14 train_loss=0.7327 val_loss=2.2292 val_macro_f1=0.7414 val_gate=0.4460
epoch=15 train_loss=0.6981 val_loss=2.2495 val_macro_f1=0.7192 val_gate=0.4236
epoch=16 train_loss=0.6438 val_loss=2.4589 val_macro_f1=0.7139 val_gate=0.4715
epoch=17 train_loss=0.6476 val_loss=2.2488 val_macro_f1=0.7345 val_gate=0.4543
epoch=18 train_loss=0.5571 val_loss=2.5229 val_macro_f1=0.7184 val_gate=0.4415
epoch=19 train_loss=0.5090 val_loss=2.3476 val_macro_f1=0.7324 val_gate=0.4382
epoch=20 train_loss=0.4806 val_loss=2.3344 val_macro_f1=0.7390 val_gate=0.4213
epoch=21 train_loss=0.4564 val_loss=2.4681 val_macro_f1=0.7328 val_gate=0.4270
epoch=22 train_loss=0.4411 val_loss=2.5067 val_macro_f1=0.7387 val_gate=0.4426
Early stopping at epoch 22.
{
  "output_dir": "outputs\\training\\phr_hrgv_screen_v2\\phr_complete\\seed20260728",
  "accuracy": 0.7570093457943925,
  "macro_precision": 0.7417234475224599,
  "macro_recall": 0.7418751897193552,
  "macro_f1": 0.7414359947013487,
  "class_recall": {
    "target_mineral": 0.688,
    "ti_bearing_negative": 0.7673469387755102,
    "gangue_negative": 0.8228882833787466,
    "metallic_hard_negative": 0.6892655367231638
  },
  "confusion_matrix": [
    [
      172,
      42,
      18,
      18
    ],
    [
      47,
      376,
      52,
      15
    ],
    [
      21,
      30,
      302,
      14
    ],
    [
      22,
      22,
      11,
      122
    ]
  ],
  "target_recall": 0.688,
  "target_miss_rate": 0.31200000000000006,
  "ti_to_target_intrusion_rate": 0.09591836734693877,
  "metallic_to_target_intrusion_rate": 0.12429378531073447,
  "brier_score": 0.37737924067240014,
  "expected_calibration_error": 0.12604926559041219,
  "val_loss": 2.229153814159821,
  "val_final_role_loss": 0.8492947782381116,
  "val_direct_role_loss": 0.8778574343805559,
  "val_species_loss": 1.6118860656970015,
  "val_consistency_loss": 0.05271744043667833,
  "val_ti_verifier_loss": 0.2714450411840177,
  "val_metallic_verifier_loss": 0.2000971567640052,
  "val_verifier_loss": 0.47154219686474386,
  "val_contrast_loss": 0.0,
  "val_gate_regret_loss": 0.7092039314014518,
  "val_decomposition_loss": 0.0,
  "val_calibration_loss": 0.8222575770383498,
  "val_phr_ti_gate_loss": 0.25307913918361485,
  "val_phr_metallic_gate_loss": 0.17180501755524274,
  "val_phr_pairwise_regret_loss": 0.42488415896706866,
  "species_accuracy": 0.5708722741433022,
  "ti_verifier_subset_accuracy": 0.8405405405405405,
  "metallic_verifier_subset_accuracy": 0.819672131147541,
  "mean_gate": 0.4460204627852295,
  "mean_expert_js_divergence": 0.012506760541575148,
  "mean_total_species_entropy": 0.0,
  "mean_between_role_entropy": 0.0,
  "mean_within_role_entropy": 0.0,
  "mean_within_capacity": 0.0,
  "mean_normalized_between_role_entropy": 0.0,
  "mean_normalized_within_role_entropy": 0.0,
  "mean_mrpg_between_coefficient": 0.0,
  "gate_selection_accuracy": 0.6066978193146417,
  "one_right_gate_selection_accuracy": 0.49333333333333335,
  "mean_routing_regret_nll": 0.09226487468632448,
  "mean_weighted_gate_error": 0.028497073068438274,
  "phr_ti_eligible_count": 740,
  "phr_ti_gate_selection_accuracy": 0.7716216216216216,
  "phr_ti_mean_margin_regret": 0.18132731883308373,
  "phr_ti_mean_weighted_gate_error": 0.1813273090570603,
  "phr_ti_sign_agreement_count": 711,
  "phr_ti_sign_preservation_rate": 1.0,
  "phr_metallic_eligible_count": 427,
  "phr_metallic_gate_selection_accuracy": 0.7962529274004684,
  "phr_metallic_mean_margin_regret": 0.23497510375127859,
  "phr_metallic_mean_weighted_gate_error": 0.23497510980313888,
  "phr_metallic_sign_agreement_count": 410,
  "phr_metallic_sign_preservation_rate": 1.0,
  "best_val_macro_f1": 0.7414359947013487
}
