epoch=1 train_loss=3.4713 val_loss=2.4870 val_macro_f1=0.6181 val_gate=0.5375
epoch=2 train_loss=2.7300 val_loss=2.2164 val_macro_f1=0.6688 val_gate=0.4747
epoch=3 train_loss=2.3220 val_loss=2.0230 val_macro_f1=0.6920 val_gate=0.4774
epoch=4 train_loss=2.0234 val_loss=2.0378 val_macro_f1=0.6954 val_gate=0.4602
epoch=5 train_loss=1.7697 val_loss=2.1310 val_macro_f1=0.6795 val_gate=0.4420
epoch=6 train_loss=1.5450 val_loss=2.0137 val_macro_f1=0.7086 val_gate=0.4499
epoch=7 train_loss=1.3752 val_loss=2.0801 val_macro_f1=0.7126 val_gate=0.4498
epoch=8 train_loss=1.2422 val_loss=2.1393 val_macro_f1=0.7247 val_gate=0.4203
epoch=9 train_loss=1.1412 val_loss=2.1473 val_macro_f1=0.7225 val_gate=0.4373
epoch=10 train_loss=1.0235 val_loss=2.1198 val_macro_f1=0.7348 val_gate=0.4458
epoch=11 train_loss=0.9366 val_loss=2.2334 val_macro_f1=0.7081 val_gate=0.4117
epoch=12 train_loss=0.8356 val_loss=2.1604 val_macro_f1=0.7308 val_gate=0.4363
epoch=13 train_loss=0.8142 val_loss=2.3779 val_macro_f1=0.7189 val_gate=0.4550
epoch=14 train_loss=0.7341 val_loss=2.2021 val_macro_f1=0.7360 val_gate=0.4311
epoch=15 train_loss=0.7109 val_loss=2.2129 val_macro_f1=0.7221 val_gate=0.4295
epoch=16 train_loss=0.6391 val_loss=2.4057 val_macro_f1=0.7195 val_gate=0.4615
epoch=17 train_loss=0.6322 val_loss=2.2104 val_macro_f1=0.7419 val_gate=0.4317
epoch=18 train_loss=0.5558 val_loss=2.5852 val_macro_f1=0.7192 val_gate=0.4329
epoch=19 train_loss=0.5583 val_loss=2.4677 val_macro_f1=0.7296 val_gate=0.4104
epoch=20 train_loss=0.5485 val_loss=2.4324 val_macro_f1=0.7258 val_gate=0.4332
epoch=21 train_loss=0.5222 val_loss=2.5334 val_macro_f1=0.7213 val_gate=0.4279
epoch=22 train_loss=0.4678 val_loss=2.4710 val_macro_f1=0.7318 val_gate=0.4284
epoch=23 train_loss=0.3803 val_loss=2.4480 val_macro_f1=0.7367 val_gate=0.4284
epoch=24 train_loss=0.3794 val_loss=2.4822 val_macro_f1=0.7274 val_gate=0.4161
epoch=25 train_loss=0.3666 val_loss=2.4153 val_macro_f1=0.7328 val_gate=0.4247
Early stopping at epoch 25.
{
  "output_dir": "outputs\\training\\phr_hrgv_screen_v2\\phr_coupled_features\\seed20260728",
  "accuracy": 0.7585669781931464,
  "macro_precision": 0.7373888466767724,
  "macro_recall": 0.7488134732394782,
  "macro_f1": 0.7418783161284941,
  "class_recall": {
    "target_mineral": 0.724,
    "ti_bearing_negative": 0.7612244897959184,
    "gangue_negative": 0.8038147138964578,
    "metallic_hard_negative": 0.7062146892655368
  },
  "confusion_matrix": [
    [
      181,
      31,
      15,
      23
    ],
    [
      55,
      373,
      32,
      30
    ],
    [
      23,
      38,
      295,
      11
    ],
    [
      26,
      17,
      9,
      125
    ]
  ],
  "target_recall": 0.724,
  "target_miss_rate": 0.276,
  "ti_to_target_intrusion_rate": 0.11224489795918367,
  "metallic_to_target_intrusion_rate": 0.14689265536723164,
  "brier_score": 0.3816726134925647,
  "expected_calibration_error": 0.1378067392055119,
  "val_loss": 2.2104090908977474,
  "val_final_role_loss": 0.8349804594950326,
  "val_direct_role_loss": 0.8420802574094118,
  "val_species_loss": 1.6419605597900082,
  "val_consistency_loss": 0.06156016734495434,
  "val_ti_verifier_loss": 0.2814910964865522,
  "val_metallic_verifier_loss": 0.1740687344443761,
  "val_verifier_loss": 0.45555983243562354,
  "val_contrast_loss": 0.0,
  "val_gate_regret_loss": 0.7055393897484397,
  "val_decomposition_loss": 0.0,
  "val_calibration_loss": 0.7918372367888782,
  "val_phr_ti_gate_loss": 0.24522930114440086,
  "val_phr_metallic_gate_loss": 0.1491548780386693,
  "val_phr_pairwise_regret_loss": 0.39438418094707056,
  "species_accuracy": 0.5630841121495327,
  "ti_verifier_subset_accuracy": 0.8513513513513513,
  "metallic_verifier_subset_accuracy": 0.8360655737704918,
  "mean_gate": 0.43170215332201706,
  "mean_expert_js_divergence": 0.014666293897282289,
  "mean_total_species_entropy": 0.0,
  "mean_between_role_entropy": 0.0,
  "mean_within_role_entropy": 0.0,
  "mean_within_capacity": 0.0,
  "mean_normalized_between_role_entropy": 0.0,
  "mean_normalized_within_role_entropy": 0.0,
  "mean_mrpg_between_coefficient": 0.0,
  "gate_selection_accuracy": 0.6105919003115264,
  "one_right_gate_selection_accuracy": 0.5822784810126582,
  "mean_routing_regret_nll": 0.0960490678827499,
  "mean_weighted_gate_error": 0.02956933980102877,
  "phr_ti_eligible_count": 740,
  "phr_ti_gate_selection_accuracy": 0.8108108108108109,
  "phr_ti_mean_margin_regret": 0.18139132643873626,
  "phr_ti_mean_weighted_gate_error": 0.18139132553587087,
  "phr_ti_sign_agreement_count": 718,
  "phr_ti_sign_preservation_rate": 1.0,
  "phr_metallic_eligible_count": 427,
  "phr_metallic_gate_selection_accuracy": 0.7868852459016393,
  "phr_metallic_mean_margin_regret": 0.2525211021269233,
  "phr_metallic_mean_weighted_gate_error": 0.2525210988061443,
  "phr_metallic_sign_agreement_count": 400,
  "phr_metallic_sign_preservation_rate": 1.0,
  "best_val_macro_f1": 0.7418783161284941
}
